<?xml version="1.0"?>
<link_info>
   <banner>TI ARM Linker PC v15.12.4.LTS</banner>
   <copyright>Copyright (c) 1996-2015 Texas Instruments Incorporated</copyright>
   <link_time>0x5a4ea236</link_time>
   <link_errors>0x0</link_errors>
   <output_file>terarko.out</output_file>
   <entry_point>
      <name>_c_int00</name>
      <address>0x1a5d</address>
   </entry_point>
   <input_file_list>
      <input_file id="fl-2">
         <path>.\</path>
         <kind>object</kind>
         <file>PLL.obj</file>
         <name>PLL.obj</name>
      </input_file>
      <input_file id="fl-3">
         <path>.\</path>
         <kind>object</kind>
         <file>lm4f120h5qr_startup_ccs.obj</file>
         <name>lm4f120h5qr_startup_ccs.obj</name>
      </input_file>
      <input_file id="fl-4">
         <path>.\</path>
         <kind>object</kind>
         <file>main.obj</file>
         <name>main.obj</name>
      </input_file>
      <input_file id="fl-5">
         <path>.\lib\</path>
         <kind>object</kind>
         <file>Nokia5110.obj</file>
         <name>Nokia5110.obj</name>
      </input_file>
      <input_file id="fl-bf">
         <path>C:\ti\ccsv6\tools\compiler\ti-cgt-arm_15.12.4.LTS\lib\</path>
         <kind>archive</kind>
         <file>rtsv7M4_T_le_v4SPD16_eabi.lib</file>
         <name>boot.obj</name>
      </input_file>
      <input_file id="fl-c0">
         <path>C:\ti\ccsv6\tools\compiler\ti-cgt-arm_15.12.4.LTS\lib\</path>
         <kind>archive</kind>
         <file>rtsv7M4_T_le_v4SPD16_eabi.lib</file>
         <name>copy_decompress_none.obj</name>
      </input_file>
      <input_file id="fl-c1">
         <path>C:\ti\ccsv6\tools\compiler\ti-cgt-arm_15.12.4.LTS\lib\</path>
         <kind>archive</kind>
         <file>rtsv7M4_T_le_v4SPD16_eabi.lib</file>
         <name>copy_decompress_rle.obj</name>
      </input_file>
      <input_file id="fl-c2">
         <path>C:\ti\ccsv6\tools\compiler\ti-cgt-arm_15.12.4.LTS\lib\</path>
         <kind>archive</kind>
         <file>rtsv7M4_T_le_v4SPD16_eabi.lib</file>
         <name>copy_zero_init.obj</name>
      </input_file>
      <input_file id="fl-c3">
         <path>C:\ti\ccsv6\tools\compiler\ti-cgt-arm_15.12.4.LTS\lib\</path>
         <kind>archive</kind>
         <file>rtsv7M4_T_le_v4SPD16_eabi.lib</file>
         <name>exit.obj</name>
      </input_file>
      <input_file id="fl-c4">
         <path>C:\ti\ccsv6\tools\compiler\ti-cgt-arm_15.12.4.LTS\lib\</path>
         <kind>archive</kind>
         <file>rtsv7M4_T_le_v4SPD16_eabi.lib</file>
         <name>memcpy_t2.obj</name>
      </input_file>
      <input_file id="fl-c5">
         <path>C:\ti\ccsv6\tools\compiler\ti-cgt-arm_15.12.4.LTS\lib\</path>
         <kind>archive</kind>
         <file>rtsv7M4_T_le_v4SPD16_eabi.lib</file>
         <name>memset_t2.obj</name>
      </input_file>
      <input_file id="fl-c6">
         <path>C:\ti\ccsv6\tools\compiler\ti-cgt-arm_15.12.4.LTS\lib\</path>
         <kind>archive</kind>
         <file>rtsv7M4_T_le_v4SPD16_eabi.lib</file>
         <name>mpu_init.obj</name>
      </input_file>
      <input_file id="fl-c7">
         <path>C:\ti\ccsv6\tools\compiler\ti-cgt-arm_15.12.4.LTS\lib\</path>
         <kind>archive</kind>
         <file>rtsv7M4_T_le_v4SPD16_eabi.lib</file>
         <name>pre_init.obj</name>
      </input_file>
      <input_file id="fl-c8">
         <path>C:\ti\ccsv6\tools\compiler\ti-cgt-arm_15.12.4.LTS\lib\</path>
         <kind>archive</kind>
         <file>rtsv7M4_T_le_v4SPD16_eabi.lib</file>
         <name>stkdepth_vars.obj</name>
      </input_file>
      <input_file id="fl-c9">
         <path>C:\ti\ccsv6\tools\compiler\ti-cgt-arm_15.12.4.LTS\lib\</path>
         <kind>archive</kind>
         <file>rtsv7M4_T_le_v4SPD16_eabi.lib</file>
         <name>_lock.obj</name>
      </input_file>
      <input_file id="fl-ca">
         <path>C:\ti\ccsv6\tools\compiler\ti-cgt-arm_15.12.4.LTS\lib\</path>
         <kind>archive</kind>
         <file>rtsv7M4_T_le_v4SPD16_eabi.lib</file>
         <name>args_main.obj</name>
      </input_file>
      <input_file id="fl-cb">
         <path>C:\ti\ccsv6\tools\compiler\ti-cgt-arm_15.12.4.LTS\lib\</path>
         <kind>archive</kind>
         <file>rtsv7M4_T_le_v4SPD16_eabi.lib</file>
         <name>autoinit.obj</name>
      </input_file>
      <input_file id="fl-cc">
         <path>C:\ti\ccsv6\tools\compiler\ti-cgt-arm_15.12.4.LTS\lib\</path>
         <kind>archive</kind>
         <file>rtsv7M4_T_le_v4SPD16_eabi.lib</file>
         <name>cpy_tbl.obj</name>
      </input_file>
      <input_file id="fl-cd">
         <path>C:\ti\ccsv6\tools\compiler\ti-cgt-arm_15.12.4.LTS\lib\</path>
         <kind>archive</kind>
         <file>rtsv7M4_T_le_v4SPD16_eabi.lib</file>
         <name>startup.obj</name>
      </input_file>
   </input_file_list>
   <object_component_list>
      <object_component id="oc-f">
         <name>.intvecs</name>
         <load_address>0x0</load_address>
         <run_address>0x0</run_address>
         <size>0x26c</size>
         <input_file_ref idref="fl-3"/>
      </object_component>
      <object_component id="oc-ab">
         <name>.text</name>
         <load_address>0x26c</load_address>
         <run_address>0x26c</run_address>
         <size>0x1580</size>
         <input_file_ref idref="fl-4"/>
      </object_component>
      <object_component id="oc-34">
         <name>.text</name>
         <load_address>0x17ec</load_address>
         <run_address>0x17ec</run_address>
         <size>0x9c</size>
         <input_file_ref idref="fl-c4"/>
      </object_component>
      <object_component id="oc-e5">
         <name>.text</name>
         <load_address>0x1888</load_address>
         <run_address>0x1888</run_address>
         <size>0x7c</size>
         <input_file_ref idref="fl-2"/>
      </object_component>
      <object_component id="oc-4d">
         <name>.text</name>
         <load_address>0x1904</load_address>
         <run_address>0x1904</run_address>
         <size>0x7a</size>
         <input_file_ref idref="fl-c5"/>
      </object_component>
      <object_component id="oc-59">
         <name>.text</name>
         <load_address>0x197e</load_address>
         <run_address>0x197e</run_address>
         <size>0x2</size>
         <input_file_ref idref="fl-c6"/>
      </object_component>
      <object_component id="oc-65">
         <name>.text</name>
         <load_address>0x1980</load_address>
         <run_address>0x1980</run_address>
         <size>0x70</size>
         <input_file_ref idref="fl-cb"/>
      </object_component>
      <object_component id="oc-40">
         <name>.text</name>
         <load_address>0x19f0</load_address>
         <run_address>0x19f0</run_address>
         <size>0x6a</size>
         <input_file_ref idref="fl-c1"/>
      </object_component>
      <object_component id="oc-a3">
         <name>.text</name>
         <load_address>0x1a5a</load_address>
         <run_address>0x1a5a</run_address>
         <size>0x2</size>
         <input_file_ref idref="fl-cd"/>
      </object_component>
      <object_component id="oc-24">
         <name>.text</name>
         <load_address>0x1a5c</load_address>
         <run_address>0x1a5c</run_address>
         <size>0x54</size>
         <input_file_ref idref="fl-bf"/>
      </object_component>
      <object_component id="oc-71">
         <name>.text</name>
         <load_address>0x1ab0</load_address>
         <run_address>0x1ab0</run_address>
         <size>0x54</size>
         <input_file_ref idref="fl-c3"/>
      </object_component>
      <object_component id="oc-9d">
         <name>.text</name>
         <load_address>0x1b04</load_address>
         <run_address>0x1b04</run_address>
         <size>0x4c</size>
         <input_file_ref idref="fl-cc"/>
      </object_component>
      <object_component id="oc-6b">
         <name>.text</name>
         <load_address>0x1b50</load_address>
         <run_address>0x1b50</run_address>
         <size>0x18</size>
         <input_file_ref idref="fl-ca"/>
      </object_component>
      <object_component id="oc-10c">
         <name>.text</name>
         <load_address>0x1b68</load_address>
         <run_address>0x1b68</run_address>
         <size>0x14</size>
         <input_file_ref idref="fl-c9"/>
      </object_component>
      <object_component id="oc-12">
         <name>.text:decompress:none</name>
         <load_address>0x1b7c</load_address>
         <run_address>0x1b7c</run_address>
         <size>0xe</size>
         <input_file_ref idref="fl-c0"/>
      </object_component>
      <object_component id="oc-2b">
         <name>.text</name>
         <load_address>0x1b8a</load_address>
         <run_address>0x1b8a</run_address>
         <size>0xc</size>
         <input_file_ref idref="fl-3"/>
      </object_component>
      <object_component id="oc-18">
         <name>.text:decompress:rle24</name>
         <load_address>0x1b96</load_address>
         <run_address>0x1b96</run_address>
         <size>0x6</size>
         <input_file_ref idref="fl-c1"/>
      </object_component>
      <object_component id="oc-5f">
         <name>.text</name>
         <load_address>0x1b9c</load_address>
         <run_address>0x1b9c</run_address>
         <size>0x4</size>
         <input_file_ref idref="fl-c7"/>
      </object_component>
      <object_component id="oc-d6">
         <name>.const:PORT_BIT</name>
         <load_address>0x1ba0</load_address>
         <run_address>0x1ba0</run_address>
         <size>0x40</size>
         <input_file_ref idref="fl-4"/>
      </object_component>
      <object_component id="oc-d9">
         <name>.const:PORT_BASE</name>
         <load_address>0x1be0</load_address>
         <run_address>0x1be0</run_address>
         <size>0x18</size>
         <input_file_ref idref="fl-4"/>
      </object_component>
      <object_component id="oc-eb">
         <name>.const:TIMER_BASE</name>
         <load_address>0x1bf8</load_address>
         <run_address>0x1bf8</run_address>
         <size>0x18</size>
         <input_file_ref idref="fl-4"/>
      </object_component>
      <object_component id="oc-e2">
         <name>.const:_ADCSSCTL</name>
         <load_address>0x1c10</load_address>
         <run_address>0x1c10</run_address>
         <size>0x10</size>
         <input_file_ref idref="fl-4"/>
      </object_component>
      <object_component id="oc-d3">
         <name>.const:_ADCSSFIFO</name>
         <load_address>0x1c20</load_address>
         <run_address>0x1c20</run_address>
         <size>0x10</size>
         <input_file_ref idref="fl-4"/>
      </object_component>
      <object_component id="oc-df">
         <name>.const:_ADCSSMUX</name>
         <load_address>0x1c30</load_address>
         <run_address>0x1c30</run_address>
         <size>0x10</size>
         <input_file_ref idref="fl-4"/>
      </object_component>
      <object_component id="oc-d0">
         <name>.const:ADC_BASE</name>
         <load_address>0x1c40</load_address>
         <run_address>0x1c40</run_address>
         <size>0x8</size>
         <input_file_ref idref="fl-4"/>
      </object_component>
      <object_component id="oc-dc">
         <name>.const:$P$T0$1</name>
         <load_address>0x1c48</load_address>
         <run_address>0x1c48</run_address>
         <size>0x3</size>
         <input_file_ref idref="fl-4"/>
      </object_component>
      <object_component id="oc-ee">
         <name>.const:$P$T1$2</name>
         <load_address>0x1c4b</load_address>
         <run_address>0x1c4b</run_address>
         <size>0x3</size>
         <input_file_ref idref="fl-4"/>
      </object_component>
      <object_component id="oc-15e">
         <name>.cinit..data.load</name>
         <load_address>0x1c50</load_address>
         <run_address>0x1c50</run_address>
         <size>0x81</size>
      </object_component>
      <object_component id="oc-15c">
         <name>__TI_handler_table</name>
         <load_address>0x1cd4</load_address>
         <run_address>0x1cd4</run_address>
         <size>0x8</size>
      </object_component>
      <object_component id="oc-15d">
         <name>__TI_cinit_table</name>
         <load_address>0x1cdc</load_address>
         <run_address>0x1cdc</run_address>
         <size>0x8</size>
      </object_component>
      <object_component id="oc-cd">
         <name>.data:AIN2CH_table</name>
         <load_address>0x20000200</load_address>
         <run_address>0x20000200</run_address>
         <size>0x30</size>
         <input_file_ref idref="fl-4"/>
      </object_component>
      <object_component id="oc-f1">
         <name>.data:UVLamp01</name>
         <load_address>0x2000024e</load_address>
         <run_address>0x2000024e</run_address>
         <size>0x1e</size>
         <input_file_ref idref="fl-4"/>
      </object_component>
      <object_component id="oc-f4">
         <name>.data:LightLamp01</name>
         <load_address>0x20000230</load_address>
         <run_address>0x20000230</run_address>
         <size>0x1e</size>
         <input_file_ref idref="fl-4"/>
      </object_component>
      <object_component id="oc-b3">
         <name>.data:$O1$$</name>
         <load_address>0x2000026c</load_address>
         <run_address>0x2000026c</run_address>
         <size>0xc</size>
         <input_file_ref idref="fl-c3"/>
      </object_component>
      <object_component id="oc-77">
         <name>.data</name>
         <load_address>0x20000280</load_address>
         <run_address>0x20000280</run_address>
         <size>0x4</size>
         <input_file_ref idref="fl-c8"/>
      </object_component>
      <object_component id="oc-b6">
         <name>.data:$O1$$</name>
         <load_address>0x20000278</load_address>
         <run_address>0x20000278</run_address>
         <size>0x8</size>
         <input_file_ref idref="fl-c9"/>
      </object_component>
      <object_component id="oc-2a">
         <name>.stack</name>
         <uninitialized>true</uninitialized>
         <run_address>0x20000000</run_address>
         <size>0x0</size>
         <input_file_ref idref="fl-bf"/>
      </object_component>
      <object_component id="oc-15f">
         <name>.stack</name>
         <uninitialized>true</uninitialized>
         <run_address>0x20000000</run_address>
         <size>0x0</size>
      </object_component>
      <object_component id="oc-e6">
         <name>.debug_info</name>
         <load_address>0x0</load_address>
         <run_address>0x0</run_address>
         <size>0xf0</size>
         <input_file_ref idref="fl-2"/>
      </object_component>
      <object_component id="oc-8b">
         <name>.debug_info</name>
         <load_address>0xf0</load_address>
         <run_address>0xf0</run_address>
         <size>0x84</size>
         <input_file_ref idref="fl-2"/>
      </object_component>
      <object_component id="oc-33">
         <name>.debug_info</name>
         <load_address>0x174</load_address>
         <run_address>0x174</run_address>
         <size>0xf9</size>
         <input_file_ref idref="fl-3"/>
      </object_component>
      <object_component id="oc-10">
         <name>.debug_info</name>
         <load_address>0x26d</load_address>
         <run_address>0x26d</run_address>
         <size>0xe4</size>
         <input_file_ref idref="fl-3"/>
      </object_component>
      <object_component id="oc-2c">
         <name>.debug_info</name>
         <load_address>0x351</load_address>
         <run_address>0x351</run_address>
         <size>0x258</size>
         <input_file_ref idref="fl-3"/>
      </object_component>
      <object_component id="oc-7e">
         <name>.debug_info</name>
         <load_address>0x5a9</load_address>
         <run_address>0x5a9</run_address>
         <size>0x18b</size>
         <input_file_ref idref="fl-3"/>
      </object_component>
      <object_component id="oc-f8">
         <name>.debug_info</name>
         <load_address>0x734</load_address>
         <run_address>0x734</run_address>
         <size>0x15f</size>
         <input_file_ref idref="fl-4"/>
      </object_component>
      <object_component id="oc-da">
         <name>.debug_info</name>
         <load_address>0x893</load_address>
         <run_address>0x893</run_address>
         <size>0xcb</size>
         <input_file_ref idref="fl-4"/>
      </object_component>
      <object_component id="oc-ec">
         <name>.debug_info</name>
         <load_address>0x95e</load_address>
         <run_address>0x95e</run_address>
         <size>0xcd</size>
         <input_file_ref idref="fl-4"/>
      </object_component>
      <object_component id="oc-ce">
         <name>.debug_info</name>
         <load_address>0xa2b</load_address>
         <run_address>0xa2b</run_address>
         <size>0xd1</size>
         <input_file_ref idref="fl-4"/>
      </object_component>
      <object_component id="oc-d1">
         <name>.debug_info</name>
         <load_address>0xafc</load_address>
         <run_address>0xafc</run_address>
         <size>0xc9</size>
         <input_file_ref idref="fl-4"/>
      </object_component>
      <object_component id="oc-e0">
         <name>.debug_info</name>
         <load_address>0xbc5</load_address>
         <run_address>0xbc5</run_address>
         <size>0xcb</size>
         <input_file_ref idref="fl-4"/>
      </object_component>
      <object_component id="oc-e3">
         <name>.debug_info</name>
         <load_address>0xc90</load_address>
         <run_address>0xc90</run_address>
         <size>0xcb</size>
         <input_file_ref idref="fl-4"/>
      </object_component>
      <object_component id="oc-d4">
         <name>.debug_info</name>
         <load_address>0xd5b</load_address>
         <run_address>0xd5b</run_address>
         <size>0xcd</size>
         <input_file_ref idref="fl-4"/>
      </object_component>
      <object_component id="oc-d7">
         <name>.debug_info</name>
         <load_address>0xe28</load_address>
         <run_address>0xe28</run_address>
         <size>0xc9</size>
         <input_file_ref idref="fl-4"/>
      </object_component>
      <object_component id="oc-f2">
         <name>.debug_info</name>
         <load_address>0xef1</load_address>
         <run_address>0xef1</run_address>
         <size>0xc9</size>
         <input_file_ref idref="fl-4"/>
      </object_component>
      <object_component id="oc-f5">
         <name>.debug_info</name>
         <load_address>0xfba</load_address>
         <run_address>0xfba</run_address>
         <size>0xcf</size>
         <input_file_ref idref="fl-4"/>
      </object_component>
      <object_component id="oc-dd">
         <name>.debug_info</name>
         <load_address>0x1089</load_address>
         <run_address>0x1089</run_address>
         <size>0xc6</size>
         <input_file_ref idref="fl-4"/>
      </object_component>
      <object_component id="oc-ef">
         <name>.debug_info</name>
         <load_address>0x114f</load_address>
         <run_address>0x114f</run_address>
         <size>0xc6</size>
         <input_file_ref idref="fl-4"/>
      </object_component>
      <object_component id="oc-ac">
         <name>.debug_info</name>
         <load_address>0x1215</load_address>
         <run_address>0x1215</run_address>
         <size>0x1c9a</size>
         <input_file_ref idref="fl-4"/>
      </object_component>
      <object_component id="oc-fe">
         <name>.debug_info</name>
         <load_address>0x2eaf</load_address>
         <run_address>0x2eaf</run_address>
         <size>0x1fb</size>
         <input_file_ref idref="fl-4"/>
      </object_component>
      <object_component id="oc-f9">
         <name>.debug_info</name>
         <load_address>0x30aa</load_address>
         <run_address>0x30aa</run_address>
         <size>0xb9</size>
         <input_file_ref idref="fl-4"/>
      </object_component>
      <object_component id="oc-26">
         <name>.debug_info</name>
         <load_address>0x3163</load_address>
         <run_address>0x3163</run_address>
         <size>0x161</size>
         <input_file_ref idref="fl-bf"/>
      </object_component>
      <object_component id="oc-3f">
         <name>.debug_info</name>
         <load_address>0x32c4</load_address>
         <run_address>0x32c4</run_address>
         <size>0x141</size>
         <input_file_ref idref="fl-c0"/>
      </object_component>
      <object_component id="oc-16">
         <name>.debug_info</name>
         <load_address>0x3405</load_address>
         <run_address>0x3405</run_address>
         <size>0x1e0</size>
         <input_file_ref idref="fl-c0"/>
      </object_component>
      <object_component id="oc-3a">
         <name>.debug_info</name>
         <load_address>0x35e5</load_address>
         <run_address>0x35e5</run_address>
         <size>0x46</size>
         <input_file_ref idref="fl-c0"/>
      </object_component>
      <object_component id="oc-84">
         <name>.debug_info</name>
         <load_address>0x362b</load_address>
         <run_address>0x362b</run_address>
         <size>0x2c</size>
         <input_file_ref idref="fl-c0"/>
      </object_component>
      <object_component id="oc-47">
         <name>.debug_info</name>
         <load_address>0x3657</load_address>
         <run_address>0x3657</run_address>
         <size>0x135</size>
         <input_file_ref idref="fl-c1"/>
      </object_component>
      <object_component id="oc-42">
         <name>.debug_info</name>
         <load_address>0x378c</load_address>
         <run_address>0x378c</run_address>
         <size>0x248</size>
         <input_file_ref idref="fl-c1"/>
      </object_component>
      <object_component id="oc-19">
         <name>.debug_info</name>
         <load_address>0x39d4</load_address>
         <run_address>0x39d4</run_address>
         <size>0x1b2</size>
         <input_file_ref idref="fl-c1"/>
      </object_component>
      <object_component id="oc-48">
         <name>.debug_info</name>
         <load_address>0x3b86</load_address>
         <run_address>0x3b86</run_address>
         <size>0x39</size>
         <input_file_ref idref="fl-c1"/>
      </object_component>
      <object_component id="oc-93">
         <name>.debug_info</name>
         <load_address>0x3bbf</load_address>
         <run_address>0x3bbf</run_address>
         <size>0x2c</size>
         <input_file_ref idref="fl-c1"/>
      </object_component>
      <object_component id="oc-ba">
         <name>.debug_info</name>
         <load_address>0x3beb</load_address>
         <run_address>0x3beb</run_address>
         <size>0x235</size>
         <input_file_ref idref="fl-c3"/>
      </object_component>
      <object_component id="oc-b4">
         <name>.debug_info</name>
         <load_address>0x3e20</load_address>
         <run_address>0x3e20</run_address>
         <size>0x186</size>
         <input_file_ref idref="fl-c3"/>
      </object_component>
      <object_component id="oc-74">
         <name>.debug_info</name>
         <load_address>0x3fa6</load_address>
         <run_address>0x3fa6</run_address>
         <size>0x215</size>
         <input_file_ref idref="fl-c3"/>
      </object_component>
      <object_component id="oc-36">
         <name>.debug_info</name>
         <load_address>0x41bb</load_address>
         <run_address>0x41bb</run_address>
         <size>0x112</size>
         <input_file_ref idref="fl-c4"/>
      </object_component>
      <object_component id="oc-4f">
         <name>.debug_info</name>
         <load_address>0x42cd</load_address>
         <run_address>0x42cd</run_address>
         <size>0x140</size>
         <input_file_ref idref="fl-c5"/>
      </object_component>
      <object_component id="oc-5b">
         <name>.debug_info</name>
         <load_address>0x440d</load_address>
         <run_address>0x440d</run_address>
         <size>0x139</size>
         <input_file_ref idref="fl-c6"/>
      </object_component>
      <object_component id="oc-60">
         <name>.debug_info</name>
         <load_address>0x4546</load_address>
         <run_address>0x4546</run_address>
         <size>0x149</size>
         <input_file_ref idref="fl-c7"/>
      </object_component>
      <object_component id="oc-78">
         <name>.debug_info</name>
         <load_address>0x468f</load_address>
         <run_address>0x468f</run_address>
         <size>0x10a</size>
         <input_file_ref idref="fl-c8"/>
      </object_component>
      <object_component id="oc-114">
         <name>.debug_info</name>
         <load_address>0x4799</load_address>
         <run_address>0x4799</run_address>
         <size>0x125</size>
         <input_file_ref idref="fl-c9"/>
      </object_component>
      <object_component id="oc-b7">
         <name>.debug_info</name>
         <load_address>0x48be</load_address>
         <run_address>0x48be</run_address>
         <size>0x114</size>
         <input_file_ref idref="fl-c9"/>
      </object_component>
      <object_component id="oc-10d">
         <name>.debug_info</name>
         <load_address>0x49d2</load_address>
         <run_address>0x49d2</run_address>
         <size>0x220</size>
         <input_file_ref idref="fl-c9"/>
      </object_component>
      <object_component id="oc-b2">
         <name>.debug_info</name>
         <load_address>0x4bf2</load_address>
         <run_address>0x4bf2</run_address>
         <size>0x167</size>
         <input_file_ref idref="fl-ca"/>
      </object_component>
      <object_component id="oc-6d">
         <name>.debug_info</name>
         <load_address>0x4d59</load_address>
         <run_address>0x4d59</run_address>
         <size>0x168</size>
         <input_file_ref idref="fl-ca"/>
      </object_component>
      <object_component id="oc-105">
         <name>.debug_info</name>
         <load_address>0x4ec1</load_address>
         <run_address>0x4ec1</run_address>
         <size>0x5e</size>
         <input_file_ref idref="fl-ca"/>
      </object_component>
      <object_component id="oc-aa">
         <name>.debug_info</name>
         <load_address>0x4f1f</load_address>
         <run_address>0x4f1f</run_address>
         <size>0x2ea</size>
         <input_file_ref idref="fl-cb"/>
      </object_component>
      <object_component id="oc-66">
         <name>.debug_info</name>
         <load_address>0x5209</load_address>
         <run_address>0x5209</run_address>
         <size>0x191</size>
         <input_file_ref idref="fl-cb"/>
      </object_component>
      <object_component id="oc-c3">
         <name>.debug_info</name>
         <load_address>0x539a</load_address>
         <run_address>0x539a</run_address>
         <size>0x39</size>
         <input_file_ref idref="fl-cb"/>
      </object_component>
      <object_component id="oc-c8">
         <name>.debug_info</name>
         <load_address>0x53d3</load_address>
         <run_address>0x53d3</run_address>
         <size>0xcd</size>
         <input_file_ref idref="fl-cb"/>
      </object_component>
      <object_component id="oc-bf">
         <name>.debug_info</name>
         <load_address>0x54a0</load_address>
         <run_address>0x54a0</run_address>
         <size>0x1e1</size>
         <input_file_ref idref="fl-cc"/>
      </object_component>
      <object_component id="oc-9e">
         <name>.debug_info</name>
         <load_address>0x5681</load_address>
         <run_address>0x5681</run_address>
         <size>0x184</size>
         <input_file_ref idref="fl-cc"/>
      </object_component>
      <object_component id="oc-11a">
         <name>.debug_info</name>
         <load_address>0x5805</load_address>
         <run_address>0x5805</run_address>
         <size>0x2c</size>
         <input_file_ref idref="fl-cc"/>
      </object_component>
      <object_component id="oc-a4">
         <name>.debug_info</name>
         <load_address>0x5831</load_address>
         <run_address>0x5831</run_address>
         <size>0x146</size>
         <input_file_ref idref="fl-cd"/>
      </object_component>
      <object_component id="oc-160">
         <name>.debug_info</name>
         <load_address>0x5977</load_address>
         <run_address>0x5977</run_address>
         <size>0x9b</size>
      </object_component>
      <object_component id="oc-e9">
         <name>.debug_line</name>
         <load_address>0x0</load_address>
         <run_address>0x0</run_address>
         <size>0x52</size>
         <input_file_ref idref="fl-2"/>
      </object_component>
      <object_component id="oc-8e">
         <name>.debug_line</name>
         <load_address>0x52</load_address>
         <run_address>0x52</run_address>
         <size>0x20</size>
         <input_file_ref idref="fl-2"/>
      </object_component>
      <object_component id="oc-7d">
         <name>.debug_line</name>
         <load_address>0x72</load_address>
         <run_address>0x72</run_address>
         <size>0x40</size>
         <input_file_ref idref="fl-3"/>
      </object_component>
      <object_component id="oc-32">
         <name>.debug_line</name>
         <load_address>0xb2</load_address>
         <run_address>0xb2</run_address>
         <size>0x40</size>
         <input_file_ref idref="fl-3"/>
      </object_component>
      <object_component id="oc-2f">
         <name>.debug_line</name>
         <load_address>0xf2</load_address>
         <run_address>0xf2</run_address>
         <size>0xa0</size>
         <input_file_ref idref="fl-3"/>
      </object_component>
      <object_component id="oc-81">
         <name>.debug_line</name>
         <load_address>0x192</load_address>
         <run_address>0x192</run_address>
         <size>0x66</size>
         <input_file_ref idref="fl-3"/>
      </object_component>
      <object_component id="oc-139">
         <name>.debug_line</name>
         <load_address>0x1f8</load_address>
         <run_address>0x1f8</run_address>
         <size>0x30</size>
         <input_file_ref idref="fl-4"/>
      </object_component>
      <object_component id="oc-128">
         <name>.debug_line</name>
         <load_address>0x228</load_address>
         <run_address>0x228</run_address>
         <size>0x3d</size>
         <input_file_ref idref="fl-4"/>
      </object_component>
      <object_component id="oc-131">
         <name>.debug_line</name>
         <load_address>0x265</load_address>
         <run_address>0x265</run_address>
         <size>0x3d</size>
         <input_file_ref idref="fl-4"/>
      </object_component>
      <object_component id="oc-120">
         <name>.debug_line</name>
         <load_address>0x2a2</load_address>
         <run_address>0x2a2</run_address>
         <size>0x3d</size>
         <input_file_ref idref="fl-4"/>
      </object_component>
      <object_component id="oc-122">
         <name>.debug_line</name>
         <load_address>0x2df</load_address>
         <run_address>0x2df</run_address>
         <size>0x3d</size>
         <input_file_ref idref="fl-4"/>
      </object_component>
      <object_component id="oc-12c">
         <name>.debug_line</name>
         <load_address>0x31c</load_address>
         <run_address>0x31c</run_address>
         <size>0x3d</size>
         <input_file_ref idref="fl-4"/>
      </object_component>
      <object_component id="oc-12e">
         <name>.debug_line</name>
         <load_address>0x359</load_address>
         <run_address>0x359</run_address>
         <size>0x3d</size>
         <input_file_ref idref="fl-4"/>
      </object_component>
      <object_component id="oc-124">
         <name>.debug_line</name>
         <load_address>0x396</load_address>
         <run_address>0x396</run_address>
         <size>0x3d</size>
         <input_file_ref idref="fl-4"/>
      </object_component>
      <object_component id="oc-126">
         <name>.debug_line</name>
         <load_address>0x3d3</load_address>
         <run_address>0x3d3</run_address>
         <size>0x3d</size>
         <input_file_ref idref="fl-4"/>
      </object_component>
      <object_component id="oc-135">
         <name>.debug_line</name>
         <load_address>0x410</load_address>
         <run_address>0x410</run_address>
         <size>0x2d</size>
         <input_file_ref idref="fl-4"/>
      </object_component>
      <object_component id="oc-137">
         <name>.debug_line</name>
         <load_address>0x43d</load_address>
         <run_address>0x43d</run_address>
         <size>0x2d</size>
         <input_file_ref idref="fl-4"/>
      </object_component>
      <object_component id="oc-12a">
         <name>.debug_line</name>
         <load_address>0x46a</load_address>
         <run_address>0x46a</run_address>
         <size>0x32</size>
         <input_file_ref idref="fl-4"/>
      </object_component>
      <object_component id="oc-133">
         <name>.debug_line</name>
         <load_address>0x49c</load_address>
         <run_address>0x49c</run_address>
         <size>0x2d</size>
         <input_file_ref idref="fl-4"/>
      </object_component>
      <object_component id="oc-af">
         <name>.debug_line</name>
         <load_address>0x4c9</load_address>
         <run_address>0x4c9</run_address>
         <size>0x827</size>
         <input_file_ref idref="fl-4"/>
      </object_component>
      <object_component id="oc-101">
         <name>.debug_line</name>
         <load_address>0xcf0</load_address>
         <run_address>0xcf0</run_address>
         <size>0x3d</size>
         <input_file_ref idref="fl-4"/>
      </object_component>
      <object_component id="oc-fc">
         <name>.debug_line</name>
         <load_address>0xd2d</load_address>
         <run_address>0xd2d</run_address>
         <size>0x32</size>
         <input_file_ref idref="fl-4"/>
      </object_component>
      <object_component id="oc-28">
         <name>.debug_line</name>
         <load_address>0xd5f</load_address>
         <run_address>0xd5f</run_address>
         <size>0x53</size>
         <input_file_ref idref="fl-bf"/>
      </object_component>
      <object_component id="oc-8a">
         <name>.debug_line</name>
         <load_address>0xdb2</load_address>
         <run_address>0xdb2</run_address>
         <size>0x8a</size>
         <input_file_ref idref="fl-c0"/>
      </object_component>
      <object_component id="oc-15">
         <name>.debug_line</name>
         <load_address>0xe3c</load_address>
         <run_address>0xe3c</run_address>
         <size>0x55</size>
         <input_file_ref idref="fl-c0"/>
      </object_component>
      <object_component id="oc-3d">
         <name>.debug_line</name>
         <load_address>0xe91</load_address>
         <run_address>0xe91</run_address>
         <size>0x3a</size>
         <input_file_ref idref="fl-c0"/>
      </object_component>
      <object_component id="oc-87">
         <name>.debug_line</name>
         <load_address>0xecb</load_address>
         <run_address>0xecb</run_address>
         <size>0x8a</size>
         <input_file_ref idref="fl-c0"/>
      </object_component>
      <object_component id="oc-92">
         <name>.debug_line</name>
         <load_address>0xf55</load_address>
         <run_address>0xf55</run_address>
         <size>0x8a</size>
         <input_file_ref idref="fl-c1"/>
      </object_component>
      <object_component id="oc-45">
         <name>.debug_line</name>
         <load_address>0xfdf</load_address>
         <run_address>0xfdf</run_address>
         <size>0x98</size>
         <input_file_ref idref="fl-c1"/>
      </object_component>
      <object_component id="oc-1d">
         <name>.debug_line</name>
         <load_address>0x1077</load_address>
         <run_address>0x1077</run_address>
         <size>0x4b</size>
         <input_file_ref idref="fl-c1"/>
      </object_component>
      <object_component id="oc-4b">
         <name>.debug_line</name>
         <load_address>0x10c2</load_address>
         <run_address>0x10c2</run_address>
         <size>0x39</size>
         <input_file_ref idref="fl-c1"/>
      </object_component>
      <object_component id="oc-96">
         <name>.debug_line</name>
         <load_address>0x10fb</load_address>
         <run_address>0x10fb</run_address>
         <size>0x8a</size>
         <input_file_ref idref="fl-c1"/>
      </object_component>
      <object_component id="oc-117">
         <name>.debug_line</name>
         <load_address>0x1185</load_address>
         <run_address>0x1185</run_address>
         <size>0xf2</size>
         <input_file_ref idref="fl-c3"/>
      </object_component>
      <object_component id="oc-10b">
         <name>.debug_line</name>
         <load_address>0x1277</load_address>
         <run_address>0x1277</run_address>
         <size>0x2a</size>
         <input_file_ref idref="fl-c3"/>
      </object_component>
      <object_component id="oc-76">
         <name>.debug_line</name>
         <load_address>0x12a1</load_address>
         <run_address>0x12a1</run_address>
         <size>0x86</size>
         <input_file_ref idref="fl-c3"/>
      </object_component>
      <object_component id="oc-35">
         <name>.debug_line</name>
         <load_address>0x1327</load_address>
         <run_address>0x1327</run_address>
         <size>0x88</size>
         <input_file_ref idref="fl-c4"/>
      </object_component>
      <object_component id="oc-4e">
         <name>.debug_line</name>
         <load_address>0x13af</load_address>
         <run_address>0x13af</run_address>
         <size>0x79</size>
         <input_file_ref idref="fl-c5"/>
      </object_component>
      <object_component id="oc-5e">
         <name>.debug_line</name>
         <load_address>0x1428</load_address>
         <run_address>0x1428</run_address>
         <size>0x3d</size>
         <input_file_ref idref="fl-c6"/>
      </object_component>
      <object_component id="oc-64">
         <name>.debug_line</name>
         <load_address>0x1465</load_address>
         <run_address>0x1465</run_address>
         <size>0x40</size>
         <input_file_ref idref="fl-c7"/>
      </object_component>
      <object_component id="oc-bd">
         <name>.debug_line</name>
         <load_address>0x14a5</load_address>
         <run_address>0x14a5</run_address>
         <size>0x33</size>
         <input_file_ref idref="fl-c8"/>
      </object_component>
      <object_component id="oc-13c">
         <name>.debug_line</name>
         <load_address>0x14d8</load_address>
         <run_address>0x14d8</run_address>
         <size>0x20</size>
         <input_file_ref idref="fl-c9"/>
      </object_component>
      <object_component id="oc-113">
         <name>.debug_line</name>
         <load_address>0x14f8</load_address>
         <run_address>0x14f8</run_address>
         <size>0x2b</size>
         <input_file_ref idref="fl-c9"/>
      </object_component>
      <object_component id="oc-111">
         <name>.debug_line</name>
         <load_address>0x1523</load_address>
         <run_address>0x1523</run_address>
         <size>0x68</size>
         <input_file_ref idref="fl-c9"/>
      </object_component>
      <object_component id="oc-104">
         <name>.debug_line</name>
         <load_address>0x158b</load_address>
         <run_address>0x158b</run_address>
         <size>0x2b</size>
         <input_file_ref idref="fl-ca"/>
      </object_component>
      <object_component id="oc-6f">
         <name>.debug_line</name>
         <load_address>0x15b6</load_address>
         <run_address>0x15b6</run_address>
         <size>0x50</size>
         <input_file_ref idref="fl-ca"/>
      </object_component>
      <object_component id="oc-108">
         <name>.debug_line</name>
         <load_address>0x1606</load_address>
         <run_address>0x1606</run_address>
         <size>0x2b</size>
         <input_file_ref idref="fl-ca"/>
      </object_component>
      <object_component id="oc-c2">
         <name>.debug_line</name>
         <load_address>0x1631</load_address>
         <run_address>0x1631</run_address>
         <size>0xa9</size>
         <input_file_ref idref="fl-cb"/>
      </object_component>
      <object_component id="oc-69">
         <name>.debug_line</name>
         <load_address>0x16da</load_address>
         <run_address>0x16da</run_address>
         <size>0x8b</size>
         <input_file_ref idref="fl-cb"/>
      </object_component>
      <object_component id="oc-c6">
         <name>.debug_line</name>
         <load_address>0x1765</load_address>
         <run_address>0x1765</run_address>
         <size>0x2e</size>
         <input_file_ref idref="fl-cb"/>
      </object_component>
      <object_component id="oc-cb">
         <name>.debug_line</name>
         <load_address>0x1793</load_address>
         <run_address>0x1793</run_address>
         <size>0x8b</size>
         <input_file_ref idref="fl-cb"/>
      </object_component>
      <object_component id="oc-119">
         <name>.debug_line</name>
         <load_address>0x181e</load_address>
         <run_address>0x181e</run_address>
         <size>0x98</size>
         <input_file_ref idref="fl-cc"/>
      </object_component>
      <object_component id="oc-a2">
         <name>.debug_line</name>
         <load_address>0x18b6</load_address>
         <run_address>0x18b6</run_address>
         <size>0x68</size>
         <input_file_ref idref="fl-cc"/>
      </object_component>
      <object_component id="oc-11d">
         <name>.debug_line</name>
         <load_address>0x191e</load_address>
         <run_address>0x191e</run_address>
         <size>0x2e</size>
         <input_file_ref idref="fl-cc"/>
      </object_component>
      <object_component id="oc-a7">
         <name>.debug_line</name>
         <load_address>0x194c</load_address>
         <run_address>0x194c</run_address>
         <size>0x3c</size>
         <input_file_ref idref="fl-cd"/>
      </object_component>
      <object_component id="oc-ea">
         <name>.debug_frame</name>
         <load_address>0x0</load_address>
         <run_address>0x0</run_address>
         <size>0x81</size>
         <input_file_ref idref="fl-2"/>
      </object_component>
      <object_component id="oc-30">
         <name>.debug_frame</name>
         <load_address>0x81</load_address>
         <run_address>0x81</run_address>
         <size>0xb4</size>
         <input_file_ref idref="fl-3"/>
      </object_component>
      <object_component id="oc-b0">
         <name>.debug_frame</name>
         <load_address>0x135</load_address>
         <run_address>0x135</run_address>
         <size>0x486</size>
         <input_file_ref idref="fl-4"/>
      </object_component>
      <object_component id="oc-14">
         <name>.debug_frame</name>
         <load_address>0x5bb</load_address>
         <run_address>0x5bb</run_address>
         <size>0x81</size>
         <input_file_ref idref="fl-c0"/>
      </object_component>
      <object_component id="oc-41">
         <name>.debug_frame</name>
         <load_address>0x63c</load_address>
         <run_address>0x63c</run_address>
         <size>0x90</size>
         <input_file_ref idref="fl-c1"/>
      </object_component>
      <object_component id="oc-1c">
         <name>.debug_frame</name>
         <load_address>0x6cc</load_address>
         <run_address>0x6cc</run_address>
         <size>0x81</size>
         <input_file_ref idref="fl-c1"/>
      </object_component>
      <object_component id="oc-73">
         <name>.debug_frame</name>
         <load_address>0x74d</load_address>
         <run_address>0x74d</run_address>
         <size>0xb5</size>
         <input_file_ref idref="fl-c3"/>
      </object_component>
      <object_component id="oc-5a">
         <name>.debug_frame</name>
         <load_address>0x802</load_address>
         <run_address>0x802</run_address>
         <size>0x81</size>
         <input_file_ref idref="fl-c6"/>
      </object_component>
      <object_component id="oc-63">
         <name>.debug_frame</name>
         <load_address>0x883</load_address>
         <run_address>0x883</run_address>
         <size>0x81</size>
         <input_file_ref idref="fl-c7"/>
      </object_component>
      <object_component id="oc-110">
         <name>.debug_frame</name>
         <load_address>0x904</load_address>
         <run_address>0x904</run_address>
         <size>0xa3</size>
         <input_file_ref idref="fl-c9"/>
      </object_component>
      <object_component id="oc-70">
         <name>.debug_frame</name>
         <load_address>0x9a7</load_address>
         <run_address>0x9a7</run_address>
         <size>0x81</size>
         <input_file_ref idref="fl-ca"/>
      </object_component>
      <object_component id="oc-6a">
         <name>.debug_frame</name>
         <load_address>0xa28</load_address>
         <run_address>0xa28</run_address>
         <size>0x8c</size>
         <input_file_ref idref="fl-cb"/>
      </object_component>
      <object_component id="oc-a1">
         <name>.debug_frame</name>
         <load_address>0xab4</load_address>
         <run_address>0xab4</run_address>
         <size>0x90</size>
         <input_file_ref idref="fl-cc"/>
      </object_component>
      <object_component id="oc-a8">
         <name>.debug_frame</name>
         <load_address>0xb44</load_address>
         <run_address>0xb44</run_address>
         <size>0x81</size>
         <input_file_ref idref="fl-cd"/>
      </object_component>
      <object_component id="oc-12f">
         <name>.debug_abbrev</name>
         <load_address>0x0</load_address>
         <run_address>0x0</run_address>
         <size>0x50</size>
         <input_file_ref idref="fl-2"/>
      </object_component>
      <object_component id="oc-8d">
         <name>.debug_abbrev</name>
         <load_address>0x50</load_address>
         <run_address>0x50</run_address>
         <size>0x1f</size>
         <input_file_ref idref="fl-2"/>
      </object_component>
      <object_component id="oc-7c">
         <name>.debug_abbrev</name>
         <load_address>0x6f</load_address>
         <run_address>0x6f</run_address>
         <size>0x54</size>
         <input_file_ref idref="fl-3"/>
      </object_component>
      <object_component id="oc-31">
         <name>.debug_abbrev</name>
         <load_address>0xc3</load_address>
         <run_address>0xc3</run_address>
         <size>0x29</size>
         <input_file_ref idref="fl-3"/>
      </object_component>
      <object_component id="oc-7b">
         <name>.debug_abbrev</name>
         <load_address>0xec</load_address>
         <run_address>0xec</run_address>
         <size>0x79</size>
         <input_file_ref idref="fl-3"/>
      </object_component>
      <object_component id="oc-80">
         <name>.debug_abbrev</name>
         <load_address>0x165</load_address>
         <run_address>0x165</run_address>
         <size>0x35</size>
         <input_file_ref idref="fl-3"/>
      </object_component>
      <object_component id="oc-138">
         <name>.debug_abbrev</name>
         <load_address>0x19a</load_address>
         <run_address>0x19a</run_address>
         <size>0x58</size>
         <input_file_ref idref="fl-4"/>
      </object_component>
      <object_component id="oc-127">
         <name>.debug_abbrev</name>
         <load_address>0x1f2</load_address>
         <run_address>0x1f2</run_address>
         <size>0x29</size>
         <input_file_ref idref="fl-4"/>
      </object_component>
      <object_component id="oc-130">
         <name>.debug_abbrev</name>
         <load_address>0x21b</load_address>
         <run_address>0x21b</run_address>
         <size>0x29</size>
         <input_file_ref idref="fl-4"/>
      </object_component>
      <object_component id="oc-11f">
         <name>.debug_abbrev</name>
         <load_address>0x244</load_address>
         <run_address>0x244</run_address>
         <size>0x29</size>
         <input_file_ref idref="fl-4"/>
      </object_component>
      <object_component id="oc-121">
         <name>.debug_abbrev</name>
         <load_address>0x26d</load_address>
         <run_address>0x26d</run_address>
         <size>0x29</size>
         <input_file_ref idref="fl-4"/>
      </object_component>
      <object_component id="oc-12b">
         <name>.debug_abbrev</name>
         <load_address>0x296</load_address>
         <run_address>0x296</run_address>
         <size>0x29</size>
         <input_file_ref idref="fl-4"/>
      </object_component>
      <object_component id="oc-12d">
         <name>.debug_abbrev</name>
         <load_address>0x2bf</load_address>
         <run_address>0x2bf</run_address>
         <size>0x29</size>
         <input_file_ref idref="fl-4"/>
      </object_component>
      <object_component id="oc-123">
         <name>.debug_abbrev</name>
         <load_address>0x2e8</load_address>
         <run_address>0x2e8</run_address>
         <size>0x29</size>
         <input_file_ref idref="fl-4"/>
      </object_component>
      <object_component id="oc-125">
         <name>.debug_abbrev</name>
         <load_address>0x311</load_address>
         <run_address>0x311</run_address>
         <size>0x29</size>
         <input_file_ref idref="fl-4"/>
      </object_component>
      <object_component id="oc-134">
         <name>.debug_abbrev</name>
         <load_address>0x33a</load_address>
         <run_address>0x33a</run_address>
         <size>0x29</size>
         <input_file_ref idref="fl-4"/>
      </object_component>
      <object_component id="oc-136">
         <name>.debug_abbrev</name>
         <load_address>0x363</load_address>
         <run_address>0x363</run_address>
         <size>0x29</size>
         <input_file_ref idref="fl-4"/>
      </object_component>
      <object_component id="oc-129">
         <name>.debug_abbrev</name>
         <load_address>0x38c</load_address>
         <run_address>0x38c</run_address>
         <size>0x27</size>
         <input_file_ref idref="fl-4"/>
      </object_component>
      <object_component id="oc-132">
         <name>.debug_abbrev</name>
         <load_address>0x3b3</load_address>
         <run_address>0x3b3</run_address>
         <size>0x27</size>
         <input_file_ref idref="fl-4"/>
      </object_component>
      <object_component id="oc-f7">
         <name>.debug_abbrev</name>
         <load_address>0x3da</load_address>
         <run_address>0x3da</run_address>
         <size>0x134</size>
         <input_file_ref idref="fl-4"/>
      </object_component>
      <object_component id="oc-100">
         <name>.debug_abbrev</name>
         <load_address>0x50e</load_address>
         <run_address>0x50e</run_address>
         <size>0x7c</size>
         <input_file_ref idref="fl-4"/>
      </object_component>
      <object_component id="oc-fb">
         <name>.debug_abbrev</name>
         <load_address>0x58a</load_address>
         <run_address>0x58a</run_address>
         <size>0x61</size>
         <input_file_ref idref="fl-4"/>
      </object_component>
      <object_component id="oc-7a">
         <name>.debug_abbrev</name>
         <load_address>0x5eb</load_address>
         <run_address>0x5eb</run_address>
         <size>0x3e</size>
         <input_file_ref idref="fl-bf"/>
      </object_component>
      <object_component id="oc-89">
         <name>.debug_abbrev</name>
         <load_address>0x629</load_address>
         <run_address>0x629</run_address>
         <size>0x52</size>
         <input_file_ref idref="fl-c0"/>
      </object_component>
      <object_component id="oc-39">
         <name>.debug_abbrev</name>
         <load_address>0x67b</load_address>
         <run_address>0x67b</run_address>
         <size>0x74</size>
         <input_file_ref idref="fl-c0"/>
      </object_component>
      <object_component id="oc-3c">
         <name>.debug_abbrev</name>
         <load_address>0x6ef</load_address>
         <run_address>0x6ef</run_address>
         <size>0x24</size>
         <input_file_ref idref="fl-c0"/>
      </object_component>
      <object_component id="oc-86">
         <name>.debug_abbrev</name>
         <load_address>0x713</load_address>
         <run_address>0x713</run_address>
         <size>0x24</size>
         <input_file_ref idref="fl-c0"/>
      </object_component>
      <object_component id="oc-91">
         <name>.debug_abbrev</name>
         <load_address>0x737</load_address>
         <run_address>0x737</run_address>
         <size>0x52</size>
         <input_file_ref idref="fl-c1"/>
      </object_component>
      <object_component id="oc-90">
         <name>.debug_abbrev</name>
         <load_address>0x789</load_address>
         <run_address>0x789</run_address>
         <size>0x7b</size>
         <input_file_ref idref="fl-c1"/>
      </object_component>
      <object_component id="oc-46">
         <name>.debug_abbrev</name>
         <load_address>0x804</load_address>
         <run_address>0x804</run_address>
         <size>0x66</size>
         <input_file_ref idref="fl-c1"/>
      </object_component>
      <object_component id="oc-4a">
         <name>.debug_abbrev</name>
         <load_address>0x86a</load_address>
         <run_address>0x86a</run_address>
         <size>0x24</size>
         <input_file_ref idref="fl-c1"/>
      </object_component>
      <object_component id="oc-95">
         <name>.debug_abbrev</name>
         <load_address>0x88e</load_address>
         <run_address>0x88e</run_address>
         <size>0x24</size>
         <input_file_ref idref="fl-c1"/>
      </object_component>
      <object_component id="oc-116">
         <name>.debug_abbrev</name>
         <load_address>0x8b2</load_address>
         <run_address>0x8b2</run_address>
         <size>0xa8</size>
         <input_file_ref idref="fl-c3"/>
      </object_component>
      <object_component id="oc-10a">
         <name>.debug_abbrev</name>
         <load_address>0x95a</load_address>
         <run_address>0x95a</run_address>
         <size>0x29</size>
         <input_file_ref idref="fl-c3"/>
      </object_component>
      <object_component id="oc-b9">
         <name>.debug_abbrev</name>
         <load_address>0x983</load_address>
         <run_address>0x983</run_address>
         <size>0xba</size>
         <input_file_ref idref="fl-c3"/>
      </object_component>
      <object_component id="oc-83">
         <name>.debug_abbrev</name>
         <load_address>0xa3d</load_address>
         <run_address>0xa3d</run_address>
         <size>0x3e</size>
         <input_file_ref idref="fl-c4"/>
      </object_component>
      <object_component id="oc-98">
         <name>.debug_abbrev</name>
         <load_address>0xa7b</load_address>
         <run_address>0xa7b</run_address>
         <size>0x4f</size>
         <input_file_ref idref="fl-c5"/>
      </object_component>
      <object_component id="oc-9b">
         <name>.debug_abbrev</name>
         <load_address>0xaca</load_address>
         <run_address>0xaca</run_address>
         <size>0x53</size>
         <input_file_ref idref="fl-c6"/>
      </object_component>
      <object_component id="oc-9c">
         <name>.debug_abbrev</name>
         <load_address>0xb1d</load_address>
         <run_address>0xb1d</run_address>
         <size>0x55</size>
         <input_file_ref idref="fl-c7"/>
      </object_component>
      <object_component id="oc-bc">
         <name>.debug_abbrev</name>
         <load_address>0xb72</load_address>
         <run_address>0xb72</run_address>
         <size>0x27</size>
         <input_file_ref idref="fl-c8"/>
      </object_component>
      <object_component id="oc-13b">
         <name>.debug_abbrev</name>
         <load_address>0xb99</load_address>
         <run_address>0xb99</run_address>
         <size>0x45</size>
         <input_file_ref idref="fl-c9"/>
      </object_component>
      <object_component id="oc-112">
         <name>.debug_abbrev</name>
         <load_address>0xbde</load_address>
         <run_address>0xbde</run_address>
         <size>0x29</size>
         <input_file_ref idref="fl-c9"/>
      </object_component>
      <object_component id="oc-13a">
         <name>.debug_abbrev</name>
         <load_address>0xc07</load_address>
         <run_address>0xc07</run_address>
         <size>0x6f</size>
         <input_file_ref idref="fl-c9"/>
      </object_component>
      <object_component id="oc-103">
         <name>.debug_abbrev</name>
         <load_address>0xc76</load_address>
         <run_address>0xc76</run_address>
         <size>0x8e</size>
         <input_file_ref idref="fl-ca"/>
      </object_component>
      <object_component id="oc-b1">
         <name>.debug_abbrev</name>
         <load_address>0xd04</load_address>
         <run_address>0xd04</run_address>
         <size>0x68</size>
         <input_file_ref idref="fl-ca"/>
      </object_component>
      <object_component id="oc-107">
         <name>.debug_abbrev</name>
         <load_address>0xd6c</load_address>
         <run_address>0xd6c</run_address>
         <size>0x49</size>
         <input_file_ref idref="fl-ca"/>
      </object_component>
      <object_component id="oc-c1">
         <name>.debug_abbrev</name>
         <load_address>0xdb5</load_address>
         <run_address>0xdb5</run_address>
         <size>0xae</size>
         <input_file_ref idref="fl-cb"/>
      </object_component>
      <object_component id="oc-a9">
         <name>.debug_abbrev</name>
         <load_address>0xe63</load_address>
         <run_address>0xe63</run_address>
         <size>0x7e</size>
         <input_file_ref idref="fl-cb"/>
      </object_component>
      <object_component id="oc-c5">
         <name>.debug_abbrev</name>
         <load_address>0xee1</load_address>
         <run_address>0xee1</run_address>
         <size>0x24</size>
         <input_file_ref idref="fl-cb"/>
      </object_component>
      <object_component id="oc-ca">
         <name>.debug_abbrev</name>
         <load_address>0xf05</load_address>
         <run_address>0xf05</run_address>
         <size>0x4b</size>
         <input_file_ref idref="fl-cb"/>
      </object_component>
      <object_component id="oc-118">
         <name>.debug_abbrev</name>
         <load_address>0xf50</load_address>
         <run_address>0xf50</run_address>
         <size>0x9c</size>
         <input_file_ref idref="fl-cc"/>
      </object_component>
      <object_component id="oc-be">
         <name>.debug_abbrev</name>
         <load_address>0xfec</load_address>
         <run_address>0xfec</run_address>
         <size>0x8c</size>
         <input_file_ref idref="fl-cc"/>
      </object_component>
      <object_component id="oc-11c">
         <name>.debug_abbrev</name>
         <load_address>0x1078</load_address>
         <run_address>0x1078</run_address>
         <size>0x24</size>
         <input_file_ref idref="fl-cc"/>
      </object_component>
      <object_component id="oc-c0">
         <name>.debug_abbrev</name>
         <load_address>0x109c</load_address>
         <run_address>0x109c</run_address>
         <size>0x53</size>
         <input_file_ref idref="fl-cd"/>
      </object_component>
      <object_component id="oc-161">
         <name>.debug_abbrev</name>
         <load_address>0x10ef</load_address>
         <run_address>0x10ef</run_address>
         <size>0xf</size>
      </object_component>
      <object_component id="oc-8f">
         <name>.debug_str</name>
         <load_address>0x0</load_address>
         <run_address>0x0</run_address>
         <size>0xfb</size>
         <input_file_ref idref="fl-2"/>
      </object_component>
      <object_component id="oc-82">
         <name>.debug_str</name>
         <load_address>0xfb</load_address>
         <run_address>0xfb</run_address>
         <size>0x213</size>
         <input_file_ref idref="fl-3"/>
      </object_component>
      <object_component id="oc-102">
         <name>.debug_str</name>
         <load_address>0x30e</load_address>
         <run_address>0x30e</run_address>
         <size>0x17f</size>
         <input_file_ref idref="fl-4"/>
      </object_component>
      <object_component id="oc-fd">
         <name>.debug_str</name>
         <load_address>0x48d</load_address>
         <run_address>0x48d</run_address>
         <size>0xbc</size>
         <input_file_ref idref="fl-4"/>
      </object_component>
      <object_component id="oc-3e">
         <name>.debug_str</name>
         <load_address>0x549</load_address>
         <run_address>0x549</run_address>
         <size>0x101</size>
         <input_file_ref idref="fl-c0"/>
      </object_component>
      <object_component id="oc-88">
         <name>.debug_str</name>
         <load_address>0x64a</load_address>
         <run_address>0x64a</run_address>
         <size>0x12e</size>
         <input_file_ref idref="fl-c0"/>
      </object_component>
      <object_component id="oc-4c">
         <name>.debug_str</name>
         <load_address>0x778</load_address>
         <run_address>0x778</run_address>
         <size>0xf3</size>
         <input_file_ref idref="fl-c1"/>
      </object_component>
      <object_component id="oc-97">
         <name>.debug_str</name>
         <load_address>0x86b</load_address>
         <run_address>0x86b</run_address>
         <size>0x12e</size>
         <input_file_ref idref="fl-c1"/>
      </object_component>
      <object_component id="oc-109">
         <name>.debug_str</name>
         <load_address>0x999</load_address>
         <run_address>0x999</run_address>
         <size>0xd7</size>
         <input_file_ref idref="fl-ca"/>
      </object_component>
      <object_component id="oc-c7">
         <name>.debug_str</name>
         <load_address>0xa70</load_address>
         <run_address>0xa70</run_address>
         <size>0xe3</size>
         <input_file_ref idref="fl-cb"/>
      </object_component>
      <object_component id="oc-cc">
         <name>.debug_str</name>
         <load_address>0xb53</load_address>
         <run_address>0xb53</run_address>
         <size>0x185</size>
         <input_file_ref idref="fl-cb"/>
      </object_component>
      <object_component id="oc-11e">
         <name>.debug_str</name>
         <load_address>0xcd8</load_address>
         <run_address>0xcd8</run_address>
         <size>0xd8</size>
         <input_file_ref idref="fl-cc"/>
      </object_component>
      <object_component id="oc-e7">
         <name>.debug_aranges</name>
         <load_address>0x0</load_address>
         <run_address>0x0</run_address>
         <size>0x20</size>
         <input_file_ref idref="fl-2"/>
      </object_component>
      <object_component id="oc-2e">
         <name>.debug_aranges</name>
         <load_address>0x20</load_address>
         <run_address>0x20</run_address>
         <size>0x38</size>
         <input_file_ref idref="fl-3"/>
      </object_component>
      <object_component id="oc-ad">
         <name>.debug_aranges</name>
         <load_address>0x58</load_address>
         <run_address>0x58</run_address>
         <size>0x160</size>
         <input_file_ref idref="fl-4"/>
      </object_component>
      <object_component id="oc-25">
         <name>.debug_aranges</name>
         <load_address>0x1b8</load_address>
         <run_address>0x1b8</run_address>
         <size>0x20</size>
         <input_file_ref idref="fl-bf"/>
      </object_component>
      <object_component id="oc-13">
         <name>.debug_aranges</name>
         <load_address>0x1d8</load_address>
         <run_address>0x1d8</run_address>
         <size>0x20</size>
         <input_file_ref idref="fl-c0"/>
      </object_component>
      <object_component id="oc-44">
         <name>.debug_aranges</name>
         <load_address>0x1f8</load_address>
         <run_address>0x1f8</run_address>
         <size>0x20</size>
         <input_file_ref idref="fl-c1"/>
      </object_component>
      <object_component id="oc-1b">
         <name>.debug_aranges</name>
         <load_address>0x218</load_address>
         <run_address>0x218</run_address>
         <size>0x20</size>
         <input_file_ref idref="fl-c1"/>
      </object_component>
      <object_component id="oc-72">
         <name>.debug_aranges</name>
         <load_address>0x238</load_address>
         <run_address>0x238</run_address>
         <size>0x30</size>
         <input_file_ref idref="fl-c3"/>
      </object_component>
      <object_component id="oc-38">
         <name>.debug_aranges</name>
         <load_address>0x268</load_address>
         <run_address>0x268</run_address>
         <size>0x20</size>
         <input_file_ref idref="fl-c4"/>
      </object_component>
      <object_component id="oc-50">
         <name>.debug_aranges</name>
         <load_address>0x288</load_address>
         <run_address>0x288</run_address>
         <size>0x28</size>
         <input_file_ref idref="fl-c5"/>
      </object_component>
      <object_component id="oc-5c">
         <name>.debug_aranges</name>
         <load_address>0x2b0</load_address>
         <run_address>0x2b0</run_address>
         <size>0x20</size>
         <input_file_ref idref="fl-c6"/>
      </object_component>
      <object_component id="oc-61">
         <name>.debug_aranges</name>
         <load_address>0x2d0</load_address>
         <run_address>0x2d0</run_address>
         <size>0x20</size>
         <input_file_ref idref="fl-c7"/>
      </object_component>
      <object_component id="oc-10f">
         <name>.debug_aranges</name>
         <load_address>0x2f0</load_address>
         <run_address>0x2f0</run_address>
         <size>0x30</size>
         <input_file_ref idref="fl-c9"/>
      </object_component>
      <object_component id="oc-6c">
         <name>.debug_aranges</name>
         <load_address>0x320</load_address>
         <run_address>0x320</run_address>
         <size>0x20</size>
         <input_file_ref idref="fl-ca"/>
      </object_component>
      <object_component id="oc-67">
         <name>.debug_aranges</name>
         <load_address>0x340</load_address>
         <run_address>0x340</run_address>
         <size>0x20</size>
         <input_file_ref idref="fl-cb"/>
      </object_component>
      <object_component id="oc-a0">
         <name>.debug_aranges</name>
         <load_address>0x360</load_address>
         <run_address>0x360</run_address>
         <size>0x20</size>
         <input_file_ref idref="fl-cc"/>
      </object_component>
      <object_component id="oc-a6">
         <name>.debug_aranges</name>
         <load_address>0x380</load_address>
         <run_address>0x380</run_address>
         <size>0x20</size>
         <input_file_ref idref="fl-cd"/>
      </object_component>
      <object_component id="oc-e8">
         <name>.debug_pubnames</name>
         <load_address>0x0</load_address>
         <run_address>0x0</run_address>
         <size>0x1f</size>
         <input_file_ref idref="fl-2"/>
      </object_component>
      <object_component id="oc-11">
         <name>.debug_pubnames</name>
         <load_address>0x1f</load_address>
         <run_address>0x1f</run_address>
         <size>0x23</size>
         <input_file_ref idref="fl-3"/>
      </object_component>
      <object_component id="oc-2d">
         <name>.debug_pubnames</name>
         <load_address>0x42</load_address>
         <run_address>0x42</run_address>
         <size>0x4c</size>
         <input_file_ref idref="fl-3"/>
      </object_component>
      <object_component id="oc-db">
         <name>.debug_pubnames</name>
         <load_address>0x8e</load_address>
         <run_address>0x8e</run_address>
         <size>0x20</size>
         <input_file_ref idref="fl-4"/>
      </object_component>
      <object_component id="oc-ed">
         <name>.debug_pubnames</name>
         <load_address>0xae</load_address>
         <run_address>0xae</run_address>
         <size>0x21</size>
         <input_file_ref idref="fl-4"/>
      </object_component>
      <object_component id="oc-cf">
         <name>.debug_pubnames</name>
         <load_address>0xcf</load_address>
         <run_address>0xcf</run_address>
         <size>0x23</size>
         <input_file_ref idref="fl-4"/>
      </object_component>
      <object_component id="oc-d2">
         <name>.debug_pubnames</name>
         <load_address>0xf2</load_address>
         <run_address>0xf2</run_address>
         <size>0x1f</size>
         <input_file_ref idref="fl-4"/>
      </object_component>
      <object_component id="oc-e1">
         <name>.debug_pubnames</name>
         <load_address>0x111</load_address>
         <run_address>0x111</run_address>
         <size>0x20</size>
         <input_file_ref idref="fl-4"/>
      </object_component>
      <object_component id="oc-e4">
         <name>.debug_pubnames</name>
         <load_address>0x131</load_address>
         <run_address>0x131</run_address>
         <size>0x20</size>
         <input_file_ref idref="fl-4"/>
      </object_component>
      <object_component id="oc-d5">
         <name>.debug_pubnames</name>
         <load_address>0x151</load_address>
         <run_address>0x151</run_address>
         <size>0x21</size>
         <input_file_ref idref="fl-4"/>
      </object_component>
      <object_component id="oc-d8">
         <name>.debug_pubnames</name>
         <load_address>0x172</load_address>
         <run_address>0x172</run_address>
         <size>0x1f</size>
         <input_file_ref idref="fl-4"/>
      </object_component>
      <object_component id="oc-f3">
         <name>.debug_pubnames</name>
         <load_address>0x191</load_address>
         <run_address>0x191</run_address>
         <size>0x1f</size>
         <input_file_ref idref="fl-4"/>
      </object_component>
      <object_component id="oc-f6">
         <name>.debug_pubnames</name>
         <load_address>0x1b0</load_address>
         <run_address>0x1b0</run_address>
         <size>0x22</size>
         <input_file_ref idref="fl-4"/>
      </object_component>
      <object_component id="oc-de">
         <name>.debug_pubnames</name>
         <load_address>0x1d2</load_address>
         <run_address>0x1d2</run_address>
         <size>0x1e</size>
         <input_file_ref idref="fl-4"/>
      </object_component>
      <object_component id="oc-f0">
         <name>.debug_pubnames</name>
         <load_address>0x1f0</load_address>
         <run_address>0x1f0</run_address>
         <size>0x1e</size>
         <input_file_ref idref="fl-4"/>
      </object_component>
      <object_component id="oc-ae">
         <name>.debug_pubnames</name>
         <load_address>0x20e</load_address>
         <run_address>0x20e</run_address>
         <size>0x1ea</size>
         <input_file_ref idref="fl-4"/>
      </object_component>
      <object_component id="oc-27">
         <name>.debug_pubnames</name>
         <load_address>0x3f8</load_address>
         <run_address>0x3f8</run_address>
         <size>0x1f</size>
         <input_file_ref idref="fl-bf"/>
      </object_component>
      <object_component id="oc-17">
         <name>.debug_pubnames</name>
         <load_address>0x417</load_address>
         <run_address>0x417</run_address>
         <size>0x2b</size>
         <input_file_ref idref="fl-c0"/>
      </object_component>
      <object_component id="oc-43">
         <name>.debug_pubnames</name>
         <load_address>0x442</load_address>
         <run_address>0x442</run_address>
         <size>0x2f</size>
         <input_file_ref idref="fl-c1"/>
      </object_component>
      <object_component id="oc-1a">
         <name>.debug_pubnames</name>
         <load_address>0x471</load_address>
         <run_address>0x471</run_address>
         <size>0x2c</size>
         <input_file_ref idref="fl-c1"/>
      </object_component>
      <object_component id="oc-b5">
         <name>.debug_pubnames</name>
         <load_address>0x49d</load_address>
         <run_address>0x49d</run_address>
         <size>0x5e</size>
         <input_file_ref idref="fl-c3"/>
      </object_component>
      <object_component id="oc-75">
         <name>.debug_pubnames</name>
         <load_address>0x4fb</load_address>
         <run_address>0x4fb</run_address>
         <size>0x35</size>
         <input_file_ref idref="fl-c3"/>
      </object_component>
      <object_component id="oc-37">
         <name>.debug_pubnames</name>
         <load_address>0x530</load_address>
         <run_address>0x530</run_address>
         <size>0x1d</size>
         <input_file_ref idref="fl-c4"/>
      </object_component>
      <object_component id="oc-51">
         <name>.debug_pubnames</name>
         <load_address>0x54d</load_address>
         <run_address>0x54d</run_address>
         <size>0x37</size>
         <input_file_ref idref="fl-c5"/>
      </object_component>
      <object_component id="oc-5d">
         <name>.debug_pubnames</name>
         <load_address>0x584</load_address>
         <run_address>0x584</run_address>
         <size>0x21</size>
         <input_file_ref idref="fl-c6"/>
      </object_component>
      <object_component id="oc-62">
         <name>.debug_pubnames</name>
         <load_address>0x5a5</load_address>
         <run_address>0x5a5</run_address>
         <size>0x27</size>
         <input_file_ref idref="fl-c7"/>
      </object_component>
      <object_component id="oc-79">
         <name>.debug_pubnames</name>
         <load_address>0x5cc</load_address>
         <run_address>0x5cc</run_address>
         <size>0x23</size>
         <input_file_ref idref="fl-c8"/>
      </object_component>
      <object_component id="oc-b8">
         <name>.debug_pubnames</name>
         <load_address>0x5ef</load_address>
         <run_address>0x5ef</run_address>
         <size>0x28</size>
         <input_file_ref idref="fl-c9"/>
      </object_component>
      <object_component id="oc-10e">
         <name>.debug_pubnames</name>
         <load_address>0x617</load_address>
         <run_address>0x617</run_address>
         <size>0x43</size>
         <input_file_ref idref="fl-c9"/>
      </object_component>
      <object_component id="oc-6e">
         <name>.debug_pubnames</name>
         <load_address>0x65a</load_address>
         <run_address>0x65a</run_address>
         <size>0x21</size>
         <input_file_ref idref="fl-ca"/>
      </object_component>
      <object_component id="oc-68">
         <name>.debug_pubnames</name>
         <load_address>0x67b</load_address>
         <run_address>0x67b</run_address>
         <size>0x25</size>
         <input_file_ref idref="fl-cb"/>
      </object_component>
      <object_component id="oc-9f">
         <name>.debug_pubnames</name>
         <load_address>0x6a0</load_address>
         <run_address>0x6a0</run_address>
         <size>0x1e</size>
         <input_file_ref idref="fl-cc"/>
      </object_component>
      <object_component id="oc-a5">
         <name>.debug_pubnames</name>
         <load_address>0x6be</load_address>
         <run_address>0x6be</run_address>
         <size>0x29</size>
         <input_file_ref idref="fl-cd"/>
      </object_component>
      <object_component id="oc-8c">
         <name>.debug_pubtypes</name>
         <load_address>0x0</load_address>
         <run_address>0x0</run_address>
         <size>0xed</size>
         <input_file_ref idref="fl-2"/>
      </object_component>
      <object_component id="oc-7f">
         <name>.debug_pubtypes</name>
         <load_address>0xed</load_address>
         <run_address>0xed</run_address>
         <size>0x1c6</size>
         <input_file_ref idref="fl-3"/>
      </object_component>
      <object_component id="oc-ff">
         <name>.debug_pubtypes</name>
         <load_address>0x2b3</load_address>
         <run_address>0x2b3</run_address>
         <size>0x93</size>
         <input_file_ref idref="fl-4"/>
      </object_component>
      <object_component id="oc-fa">
         <name>.debug_pubtypes</name>
         <load_address>0x346</load_address>
         <run_address>0x346</run_address>
         <size>0x3e</size>
         <input_file_ref idref="fl-4"/>
      </object_component>
      <object_component id="oc-3b">
         <name>.debug_pubtypes</name>
         <load_address>0x384</load_address>
         <run_address>0x384</run_address>
         <size>0x48</size>
         <input_file_ref idref="fl-c0"/>
      </object_component>
      <object_component id="oc-85">
         <name>.debug_pubtypes</name>
         <load_address>0x3cc</load_address>
         <run_address>0x3cc</run_address>
         <size>0x1d</size>
         <input_file_ref idref="fl-c0"/>
      </object_component>
      <object_component id="oc-49">
         <name>.debug_pubtypes</name>
         <load_address>0x3e9</load_address>
         <run_address>0x3e9</run_address>
         <size>0x37</size>
         <input_file_ref idref="fl-c1"/>
      </object_component>
      <object_component id="oc-94">
         <name>.debug_pubtypes</name>
         <load_address>0x420</load_address>
         <run_address>0x420</run_address>
         <size>0x1d</size>
         <input_file_ref idref="fl-c1"/>
      </object_component>
      <object_component id="oc-bb">
         <name>.debug_pubtypes</name>
         <load_address>0x43d</load_address>
         <run_address>0x43d</run_address>
         <size>0x1f</size>
         <input_file_ref idref="fl-c3"/>
      </object_component>
      <object_component id="oc-115">
         <name>.debug_pubtypes</name>
         <load_address>0x45c</load_address>
         <run_address>0x45c</run_address>
         <size>0x1f</size>
         <input_file_ref idref="fl-c9"/>
      </object_component>
      <object_component id="oc-106">
         <name>.debug_pubtypes</name>
         <load_address>0x47b</load_address>
         <run_address>0x47b</run_address>
         <size>0x1b</size>
         <input_file_ref idref="fl-ca"/>
      </object_component>
      <object_component id="oc-c4">
         <name>.debug_pubtypes</name>
         <load_address>0x496</load_address>
         <run_address>0x496</run_address>
         <size>0x32</size>
         <input_file_ref idref="fl-cb"/>
      </object_component>
      <object_component id="oc-c9">
         <name>.debug_pubtypes</name>
         <load_address>0x4c8</load_address>
         <run_address>0x4c8</run_address>
         <size>0x50</size>
         <input_file_ref idref="fl-cb"/>
      </object_component>
[...]
            <object_component_ref idref="oc-c9"/>
            <object_component_ref idref="oc-11b"/>
         </contents>
      </logical_group>
      <load_segment id="lg-163" display="no" color="cyan">
         <name>SEGMENT_0</name>
         <load_address>0x0</load_address>
         <run_address>0x0</run_address>
         <size>0x1ce4</size>
         <flags>0x5</flags>
         <contents>
            <logical_group_ref idref="lg-3"/>
            <logical_group_ref idref="lg-4"/>
            <logical_group_ref idref="lg-5"/>
            <logical_group_ref idref="lg-6"/>
         </contents>
      </load_segment>
      <load_segment id="lg-164" display="no" color="cyan">
         <name>SEGMENT_1</name>
         <run_address>0x20000000</run_address>
         <size>0x284</size>
         <flags>0x6</flags>
         <contents>
            <logical_group_ref idref="lg-d"/>
            <logical_group_ref idref="lg-a"/>
         </contents>
      </load_segment>
   </logical_group_list>
   <placement_map>
      <memory_area display="yes" color="green">
         <name>FLASH</name>
         <page_id>0x0</page_id>
         <origin>0x0</origin>
         <length>0x40000</length>
         <used_space>0x1ce2</used_space>
         <unused_space>0x3e31e</unused_space>
         <attributes>RX</attributes>
         <usage_details>
            <allocated_space>
               <start_address>0x0</start_address>
               <size>0x26c</size>
               <logical_group_ref idref="lg-3"/>
            </allocated_space>
            <allocated_space>
               <start_address>0x26c</start_address>
               <size>0x1934</size>
               <logical_group_ref idref="lg-4"/>
            </allocated_space>
            <allocated_space>
               <start_address>0x1ba0</start_address>
               <size>0xae</size>
               <logical_group_ref idref="lg-5"/>
            </allocated_space>
            <available_space>
               <start_address>0x1c4e</start_address>
               <size>0x2</size>
            </available_space>
            <allocated_space>
               <start_address>0x1c50</start_address>
               <size>0x94</size>
               <logical_group_ref idref="lg-6"/>
            </allocated_space>
            <available_space>
               <start_address>0x1ce4</start_address>
               <size>0x3e31c</size>
            </available_space>
         </usage_details>
      </memory_area>
      <memory_area display="yes" color="green">
         <name>SRAM</name>
         <page_id>0x0</page_id>
         <origin>0x20000000</origin>
         <length>0x8000</length>
         <used_space>0x284</used_space>
         <unused_space>0x7d7c</unused_space>
         <attributes>RWX</attributes>
         <usage_details>
            <allocated_space>
               <start_address>0x20000000</start_address>
               <size>0x200</size>
               <logical_group_ref idref="lg-d"/>
            </allocated_space>
            <allocated_space>
               <start_address>0x20000200</start_address>
               <size>0x84</size>
               <logical_group_ref idref="lg-a"/>
            </allocated_space>
            <available_space>
               <start_address>0x20000284</start_address>
               <size>0x7d7c</size>
            </available_space>
         </usage_details>
      </memory_area>
   </placement_map>
   <cptbl_list>
      <cptbl>
         <name>__TI_cinit_table</name>
         <cprec>
            <name>.data</name>
            <load_address>0x1c50</load_address>
            <load_size>0x81</load_size>
            <run_address>0x20000200</run_address>
            <run_size>0x84</run_size>
            <compression>rle</compression>
         </cprec>
      </cptbl>
   </cptbl_list>
   <handler_table>
      <handler_table_name>__TI_handler_table</handler_table_name>
      <handler>
         <index>0x0</index>
         <name>__TI_decompress_rle24</name>
      </handler>
      <handler>
         <index>0x1</index>
         <name>__TI_decompress_none</name>
      </handler>
   </handler_table>
   <symbol_table>
      <symbol id="sm-1">
         <name>__STACK_TOP</name>
         <value>0x20000200</value>
      </symbol>
      <symbol id="sm-2">
         <name>__TI_CINIT_Base</name>
         <value>0x1cdc</value>
      </symbol>
      <symbol id="sm-3">
         <name>__TI_CINIT_Limit</name>
         <value>0x1ce4</value>
      </symbol>
      <symbol id="sm-4">
         <name>__TI_Handler_Table_Base</name>
         <value>0x1cd4</value>
      </symbol>
      <symbol id="sm-5">
         <name>__TI_Handler_Table_Limit</name>
         <value>0x1cdc</value>
      </symbol>
      <symbol id="sm-6">
         <name>binit</name>
         <value>0xffffffff</value>
      </symbol>
      <symbol id="sm-7">
         <name>__binit__</name>
         <value>0xffffffff</value>
      </symbol>
      <symbol id="sm-8">
         <name>__STACK_SIZE</name>
         <value>0x200</value>
      </symbol>
      <symbol id="sm-9">
         <name>__STACK_END</name>
         <value>0x20000200</value>
      </symbol>
      <symbol id="sm-a">
         <name>__c_args__</name>
         <value>0xffffffff</value>
      </symbol>
      <symbol id="sm-b">
         <name>__TI_pprof_out_hndl</name>
         <value>0xffffffff</value>
      </symbol>
      <symbol id="sm-c">
         <name>__TI_prof_data_start</name>
         <value>0xffffffff</value>
      </symbol>
      <symbol id="sm-d">
         <name>__TI_prof_data_size</name>
         <value>0xffffffff</value>
      </symbol>
      <symbol id="sm-36">
         <name>PLL_Init</name>
         <value>0x1889</value>
         <object_component_ref idref="oc-e5"/>
      </symbol>
      <symbol id="sm-57">
         <name>ResetISR</name>
         <value>0x1b8b</value>
         <object_component_ref idref="oc-2b"/>
      </symbol>
      <symbol id="sm-58">
         <name>g_pfnVectors</name>
         <value>0x0</value>
         <object_component_ref idref="oc-f"/>
      </symbol>
      <symbol id="sm-163">
         <name>GET</name>
         <value>0x2ed</value>
         <object_component_ref idref="oc-ab"/>
      </symbol>
      <symbol id="sm-164">
         <name>PORT_BIT</name>
         <value>0x1ba0</value>
         <object_component_ref idref="oc-d6"/>
      </symbol>
      <symbol id="sm-165">
         <name>time_start_end_arr</name>
         <value>0x9a3</value>
         <object_component_ref idref="oc-ab"/>
      </symbol>
      <symbol id="sm-166">
         <name>ADC_BASE</name>
         <value>0x1c40</value>
         <object_component_ref idref="oc-d0"/>
      </symbol>
      <symbol id="sm-167">
         <name>UVLamp01</name>
         <value>0x2000024e</value>
         <object_component_ref idref="oc-f1"/>
      </symbol>
      <symbol id="sm-168">
         <name>FLSH_Mul</name>
         <value>0x4b9</value>
         <object_component_ref idref="oc-ab"/>
      </symbol>
      <symbol id="sm-169">
         <name>getAIN</name>
         <value>0x26d</value>
         <object_component_ref idref="oc-ab"/>
      </symbol>
      <symbol id="sm-16a">
         <name>RS</name>
         <value>0x571</value>
         <object_component_ref idref="oc-ab"/>
      </symbol>
      <symbol id="sm-16b">
         <name>day_time</name>
         <value>0x6af</value>
         <object_component_ref idref="oc-ab"/>
      </symbol>
      <symbol id="sm-16c">
         <name>time_SUB</name>
         <value>0x7b5</value>
         <object_component_ref idref="oc-ab"/>
      </symbol>
      <symbol id="sm-16d">
         <name>SET_Mul</name>
         <value>0x3db</value>
         <object_component_ref idref="oc-ab"/>
      </symbol>
      <symbol id="sm-16e">
         <name>PF</name>
         <value>0x637</value>
         <object_component_ref idref="oc-ab"/>
      </symbol>
      <symbol id="sm-16f">
         <name>AIN2CH_table</name>
         <value>0x20000200</value>
         <object_component_ref idref="oc-cd"/>
      </symbol>
      <symbol id="sm-170">
         <name>_ADCSSFIFO</name>
         <value>0x1c20</value>
         <object_component_ref idref="oc-d3"/>
      </symbol>
      <symbol id="sm-171">
         <name>NF</name>
         <value>0x675</value>
         <object_component_ref idref="oc-ab"/>
      </symbol>
      <symbol id="sm-172">
         <name>TIMER_BASE</name>
         <value>0x1bf8</value>
         <object_component_ref idref="oc-eb"/>
      </symbol>
      <symbol id="sm-173">
         <name>LOAD</name>
         <value>0x2a5</value>
         <object_component_ref idref="oc-ab"/>
      </symbol>
      <symbol id="sm-174">
         <name>TA1_Init</name>
         <value>0x1567</value>
         <object_component_ref idref="oc-ab"/>
      </symbol>
      <symbol id="sm-175">
         <name>TA0_Init</name>
         <value>0x14ed</value>
         <object_component_ref idref="oc-ab"/>
      </symbol>
      <symbol id="sm-176">
         <name>TA2_Init</name>
         <value>0x15e1</value>
         <object_component_ref idref="oc-ab"/>
      </symbol>
      <symbol id="sm-177">
         <name>RS_M</name>
         <value>0x5dd</value>
         <object_component_ref idref="oc-ab"/>
      </symbol>
      <symbol id="sm-178">
         <name>TGL</name>
         <value>0x439</value>
         <object_component_ref idref="oc-ab"/>
      </symbol>
      <symbol id="sm-179">
         <name>TA0_CLR</name>
         <value>0x168b</value>
         <object_component_ref idref="oc-ab"/>
      </symbol>
      <symbol id="sm-17a">
         <name>main</name>
         <value>0x16df</value>
         <object_component_ref idref="oc-ab"/>
      </symbol>
      <symbol id="sm-17b">
         <name>delay</name>
         <value>0x507</value>
         <object_component_ref idref="oc-ab"/>
      </symbol>
      <symbol id="sm-17c">
         <name>GETI</name>
         <value>0x367</value>
         <object_component_ref idref="oc-ab"/>
      </symbol>
      <symbol id="sm-17d">
         <name>TA1_CLR</name>
         <value>0x169b</value>
         <object_component_ref idref="oc-ab"/>
      </symbol>
      <symbol id="sm-17e">
         <name>time_ADD</name>
         <value>0x777</value>
         <object_component_ref idref="oc-ab"/>
      </symbol>
      <symbol id="sm-17f">
         <name>HW_Init</name>
         <value>0x16bb</value>
         <object_component_ref idref="oc-ab"/>
      </symbol>
      <symbol id="sm-180">
         <name>PORT_BASE</name>
         <value>0x1be0</value>
         <object_component_ref idref="oc-d9"/>
      </symbol>
      <symbol id="sm-181">
         <name>normalize</name>
         <value>0x70f</value>
         <object_component_ref idref="oc-ab"/>
      </symbol>
      <symbol id="sm-182">
         <name>LightLamp01</name>
         <value>0x20000230</value>
         <object_component_ref idref="oc-f4"/>
      </symbol>
      <symbol id="sm-183">
         <name>TA2_CLR</name>
         <value>0x16ab</value>
         <object_component_ref idref="oc-ab"/>
      </symbol>
      <symbol id="sm-184">
         <name>time_start_end</name>
         <value>0x959</value>
         <object_component_ref idref="oc-ab"/>
      </symbol>
      <symbol id="sm-185">
         <name>time_LT</name>
         <value>0x8f7</value>
         <object_component_ref idref="oc-ab"/>
      </symbol>
      <symbol id="sm-186">
         <name>TA0_GET</name>
         <value>0x165b</value>
         <object_component_ref idref="oc-ab"/>
      </symbol>
      <symbol id="sm-187">
         <name>delay10</name>
         <value>0x539</value>
         <object_component_ref idref="oc-ab"/>
      </symbol>
      <symbol id="sm-188">
         <name>N5110_Init</name>
         <value>0x17c3</value>
         <object_component_ref idref="oc-ab"/>
      </symbol>
      <symbol id="sm-189">
         <name>SET</name>
         <value>0x393</value>
         <object_component_ref idref="oc-ab"/>
      </symbol>
      <symbol id="sm-18a">
         <name>A_Init</name>
         <value>0xfad</value>
         <object_component_ref idref="oc-ab"/>
      </symbol>
      <symbol id="sm-18b">
         <name>E_Init</name>
         <value>0x126b</value>
         <object_component_ref idref="oc-ab"/>
      </symbol>
      <symbol id="sm-18c">
         <name>D_Init</name>
         <value>0xced</value>
         <object_component_ref idref="oc-ab"/>
      </symbol>
      <symbol id="sm-18d">
         <name>F_Init</name>
         <value>0xa01</value>
         <object_component_ref idref="oc-ab"/>
      </symbol>
      <symbol id="sm-18e">
         <name>_ADCSSMUX</name>
         <value>0x1c30</value>
         <object_component_ref idref="oc-df"/>
      </symbol>
      <symbol id="sm-18f">
         <name>CLR_Mul</name>
         <value>0x48b</value>
         <object_component_ref idref="oc-ab"/>
      </symbol>
      <symbol id="sm-190">
         <name>TA1_GET</name>
         <value>0x1669</value>
         <object_component_ref idref="oc-ab"/>
      </symbol>
      <symbol id="sm-191">
         <name>time_EQ</name>
         <value>0x85f</value>
         <object_component_ref idref="oc-ab"/>
      </symbol>
      <symbol id="sm-192">
         <name>TA2_GET</name>
         <value>0x167d</value>
         <object_component_ref idref="oc-ab"/>
      </symbol>
      <symbol id="sm-193">
         <name>time_GT</name>
         <value>0x895</value>
         <object_component_ref idref="oc-ab"/>
      </symbol>
      <symbol id="sm-194">
         <name>_ADCSSCTL</name>
         <value>0x1c10</value>
         <object_component_ref idref="oc-e2"/>
      </symbol>
      <symbol id="sm-195">
         <name>CLR</name>
         <value>0x409</value>
         <object_component_ref idref="oc-ab"/>
      </symbol>
      <symbol id="sm-1a7">
         <name>_c_int00</name>
         <value>0x1a5d</value>
         <object_component_ref idref="oc-24"/>
      </symbol>
      <symbol id="sm-1a8">
         <name>__stack</name>
         <value>0x20000000</value>
         <object_component_ref idref="oc-2a"/>
      </symbol>
      <symbol id="sm-1bf">
         <name>__TI_decompress_none</name>
         <value>0x1b7d</value>
         <object_component_ref idref="oc-12"/>
      </symbol>
      <symbol id="sm-1e7">
         <name>__TI_decompress_rle24</name>
         <value>0x1b97</value>
         <object_component_ref idref="oc-18"/>
      </symbol>
      <symbol id="sm-209">
         <name>C$$EXIT</name>
         <value>0x1ab1</value>
         <object_component_ref idref="oc-71"/>
      </symbol>
      <symbol id="sm-20a">
         <name>abort</name>
         <value>0x1ab5</value>
         <object_component_ref idref="oc-71"/>
      </symbol>
      <symbol id="sm-20b">
         <name>exit</name>
         <value>0x1abd</value>
         <object_component_ref idref="oc-71"/>
      </symbol>
      <symbol id="sm-20c">
         <name>__TI_dtors_ptr</name>
         <value>0x20000270</value>
         <object_component_ref idref="oc-b3"/>
      </symbol>
      <symbol id="sm-20d">
         <name>__TI_cleanup_ptr</name>
         <value>0x2000026c</value>
         <object_component_ref idref="oc-b3"/>
      </symbol>
      <symbol id="sm-20e">
         <name>__TI_enable_exit_profile_output</name>
         <value>0x20000274</value>
         <object_component_ref idref="oc-b3"/>
      </symbol>
      <symbol id="sm-229">
         <name>memcpy</name>
         <value>0x17ed</value>
         <object_component_ref idref="oc-34"/>
      </symbol>
      <symbol id="sm-22a">
         <name>__aeabi_memcpy</name>
         <value>0x17ed</value>
         <object_component_ref idref="oc-34"/>
      </symbol>
      <symbol id="sm-22b">
         <name>__aeabi_memcpy8</name>
         <value>0x17ed</value>
         <object_component_ref idref="oc-34"/>
      </symbol>
      <symbol id="sm-22c">
         <name>__aeabi_memcpy4</name>
         <value>0x17ed</value>
         <object_component_ref idref="oc-34"/>
      </symbol>
      <symbol id="sm-23b">
         <name>__aeabi_memset</name>
         <value>0x1907</value>
         <object_component_ref idref="oc-4d"/>
      </symbol>
      <symbol id="sm-23c">
         <name>memset</name>
         <value>0x190d</value>
         <object_component_ref idref="oc-4d"/>
      </symbol>
      <symbol id="sm-23d">
         <name>__aeabi_memset8</name>
         <value>0x1907</value>
         <object_component_ref idref="oc-4d"/>
      </symbol>
      <symbol id="sm-23e">
         <name>__aeabi_memset4</name>
         <value>0x1907</value>
         <object_component_ref idref="oc-4d"/>
      </symbol>
      <symbol id="sm-23f">
         <name>__aeabi_memclr8</name>
         <value>0x1905</value>
         <object_component_ref idref="oc-4d"/>
      </symbol>
      <symbol id="sm-240">
         <name>__aeabi_memclr4</name>
         <value>0x1905</value>
         <object_component_ref idref="oc-4d"/>
      </symbol>
      <symbol id="sm-241">
         <name>__aeabi_memclr</name>
         <value>0x1905</value>
         <object_component_ref idref="oc-4d"/>
      </symbol>
      <symbol id="sm-24b">
         <name>__mpu_init</name>
         <value>0x197f</value>
         <object_component_ref idref="oc-59"/>
      </symbol>
      <symbol id="sm-255">
         <name>_system_pre_init</name>
         <value>0x1b9d</value>
         <object_component_ref idref="oc-5f"/>
      </symbol>
      <symbol id="sm-25d">
         <name>main_func_sp</name>
         <value>0x20000280</value>
         <object_component_ref idref="oc-77"/>
      </symbol>
      <symbol id="sm-276">
         <name>_nop</name>
         <value>0x1b77</value>
         <object_component_ref idref="oc-10c"/>
      </symbol>
      <symbol id="sm-277">
         <name>_lock</name>
         <value>0x20000278</value>
         <object_component_ref idref="oc-b6"/>
      </symbol>
      <symbol id="sm-278">
         <name>_unlock</name>
         <value>0x2000027c</value>
         <object_component_ref idref="oc-b6"/>
      </symbol>
      <symbol id="sm-279">
         <name>_register_lock</name>
         <value>0x1b6f</value>
         <object_component_ref idref="oc-10c"/>
      </symbol>
      <symbol id="sm-27a">
         <name>_register_unlock</name>
         <value>0x1b69</value>
         <object_component_ref idref="oc-10c"/>
      </symbol>
      <symbol id="sm-28e">
         <name>_args_main</name>
         <value>0x1b51</value>
         <object_component_ref idref="oc-6b"/>
      </symbol>
      <symbol id="sm-2b3">
         <name>__TI_auto_init</name>
         <value>0x1981</value>
         <object_component_ref idref="oc-65"/>
      </symbol>
      <symbol id="sm-2cd">
         <name>copy_in</name>
         <value>0x1b05</value>
         <object_component_ref idref="oc-9d"/>
      </symbol>
      <symbol id="sm-2d7">
         <name>_system_post_cinit</name>
         <value>0x1a5b</value>
         <object_component_ref idref="oc-a3"/>
      </symbol>
      <symbol id="sm-2d8">
         <name>__TI_static_base__</name>
         <value>0x0</value>
      </symbol>
      <symbol id="sm-2db">
         <name>SHT$$INIT_ARRAY$$Limit</name>
         <value>0x0</value>
      </symbol>
      <symbol id="sm-2dc">
         <name>SHT$$INIT_ARRAY$$Base</name>
         <value>0x0</value>
      </symbol>
   </symbol_table>
   <title>Link successful</title>
</link_info>
