******************************************************************************
                  TI ARM Linker PC v15.12.4                    
******************************************************************************
>> Linked Thu Jan 04 22:52:54 2018

OUTPUT FILE NAME:   <terarko.out>
ENTRY POINT SYMBOL: "_c_int00"  address: 00001a5d


MEMORY CONFIGURATION

         name            origin    length      used     unused   attr    fill
----------------------  --------  ---------  --------  --------  ----  --------
  FLASH                 00000000   00040000  00001ce2  0003e31e  R  X
  SRAM                  20000000   00008000  00000284  00007d7c  RW X


SEGMENT ALLOCATION MAP

run origin  load origin   length   init length attrs members
----------  ----------- ---------- ----------- ----- -------
00000000    00000000    00001ce4   00001ce4    r-x
  00000000    00000000    0000026c   0000026c    r-- .intvecs
  0000026c    0000026c    00001934   00001934    r-x .text
  00001ba0    00001ba0    000000ae   000000ae    r-- .const
  00001c50    00001c50    00000094   00000094    r-- .cinit
20000000    20000000    00000284   00000000    rw-
  20000000    20000000    00000200   00000000    rw- .stack
  20000200    20000200    00000084   00000000    rw- .data


SECTION ALLOCATION MAP

 output                                  attributes/
section   page    origin      length       input sections
--------  ----  ----------  ----------   ----------------
.intvecs   0    00000000    0000026c     
                  00000000    0000026c     lm4f120h5qr_startup_ccs.obj (.intvecs)

.text      0    0000026c    00001934     
                  0000026c    00001580     main.obj (.text)
                  000017ec    0000009c     rtsv7M4_T_le_v4SPD16_eabi.lib : memcpy_t2.obj (.text)
                  00001888    0000007c     PLL.obj (.text)
                  00001904    0000007a     rtsv7M4_T_le_v4SPD16_eabi.lib : memset_t2.obj (.text)
                  0000197e    00000002                                   : mpu_init.obj (.text)
                  00001980    00000070                                   : autoinit.obj (.text)
                  000019f0    0000006a                                   : copy_decompress_rle.obj (.text)
                  00001a5a    00000002                                   : startup.obj (.text)
                  00001a5c    00000054                                   : boot.obj (.text)
                  00001ab0    00000054                                   : exit.obj (.text)
                  00001b04    0000004c                                   : cpy_tbl.obj (.text)
                  00001b50    00000018                                   : args_main.obj (.text)
                  00001b68    00000014                                   : _lock.obj (.text)
                  00001b7c    0000000e                                   : copy_decompress_none.obj (.text:decompress:none)
                  00001b8a    0000000c     lm4f120h5qr_startup_ccs.obj (.text)
                  00001b96    00000006     rtsv7M4_T_le_v4SPD16_eabi.lib : copy_decompress_rle.obj (.text:decompress:rle24)
                  00001b9c    00000004                                   : pre_init.obj (.text)

.const     0    00001ba0    000000ae     
                  00001ba0    00000040     main.obj (.const:PORT_BIT)
                  00001be0    00000018     main.obj (.const:PORT_BASE)
                  00001bf8    00000018     main.obj (.const:TIMER_BASE)
                  00001c10    00000010     main.obj (.const:_ADCSSCTL)
                  00001c20    00000010     main.obj (.const:_ADCSSFIFO)
                  00001c30    00000010     main.obj (.const:_ADCSSMUX)
                  00001c40    00000008     main.obj (.const:ADC_BASE)
                  00001c48    00000003     main.obj (.const:$P$T0$1)
                  00001c4b    00000003     main.obj (.const:$P$T1$2)

.cinit     0    00001c50    00000094     
                  00001c50    00000081     (.cinit..data.load) [load image, compression = rle]
                  00001cd1    00000003     --HOLE-- [fill = 0]
                  00001cd4    00000008     (__TI_handler_table)
                  00001cdc    00000008     (__TI_cinit_table)

.init_array 
*          0    00000000    00000000     UNINITIALIZED

.stack     0    20000000    00000200     UNINITIALIZED
                  20000000    00000200     --HOLE--

.data      0    20000200    00000084     UNINITIALIZED
                  20000200    00000030     main.obj (.data:AIN2CH_table)
                  20000230    0000001e     main.obj (.data:LightLamp01)
                  2000024e    0000001e     main.obj (.data:UVLamp01)
                  2000026c    0000000c     rtsv7M4_T_le_v4SPD16_eabi.lib : exit.obj (.data:$O1$$)
                  20000278    00000008                                   : _lock.obj (.data:$O1$$)
                  20000280    00000004                                   : stkdepth_vars.obj (.data)

MODULE SUMMARY

       Module                        code   ro data   rw data
       ------                        ----   -------   -------
    .\
       main.obj                      5504   174       108    
       lm4f120h5qr_startup_ccs.obj   12     620       0      
       PLL.obj                       124    0         0      
    +--+-----------------------------+------+---------+---------+
       Total:                        5640   794       108    
                                                             
    C:\ti\ccsv6\tools\compiler\ti-cgt-arm_15.12.4.LTS\lib\rtsv7M4_T_le_v4SPD16_eabi.lib
       memcpy_t2.obj                 156    0         0      
       memset_t2.obj                 122    0         0      
       autoinit.obj                  112    0         0      
       copy_decompress_rle.obj       112    0         0      
       exit.obj                      84     0         12     
       boot.obj                      84     0         0      
       cpy_tbl.obj                   76     0         0      
       _lock.obj                     20     0         8      
       args_main.obj                 24     0         0      
       copy_decompress_none.obj      14     0         0      
       pre_init.obj                  4      0         0      
       stkdepth_vars.obj             0      0         4      
       mpu_init.obj                  2      0         0      
       startup.obj                   2      0         0      
    +--+-----------------------------+------+---------+---------+
       Total:                        812    0         24     
                                                             
       Stack:                        0      0         512    
       Linker Generated:             0      145       0      
    +--+-----------------------------+------+---------+---------+
       Grand Total:                  6452   939       644    


LINKER GENERATED COPY TABLES

__TI_cinit_table @ 00001cdc records: 1, size/record: 8, table size: 8
	.data: load addr=00001c50, load size=00000081 bytes, run addr=20000200, run size=00000084 bytes, compression=rle


LINKER GENERATED HANDLER TABLE

__TI_handler_table @ 00001cd4 records: 2, size/record: 4, table size: 8
	index: 0, handler: __TI_decompress_rle24
	index: 1, handler: __TI_decompress_none


GLOBAL SYMBOLS: SORTED ALPHABETICALLY BY Name 

address   name                           
-------   ----                           
00001c40  ADC_BASE                       
20000200  AIN2CH_table                   
00000fad  A_Init                         
00001ab1  C$$EXIT                        
00000409  CLR                            
0000048b  CLR_Mul                        
00000ced  D_Init                         
0000126b  E_Init                         
000004b9  FLSH_Mul                       
00000a01  F_Init                         
000002ed  GET                            
00000367  GETI                           
000016bb  HW_Init                        
000002a5  LOAD                           
20000230  LightLamp01                    
000017c3  N5110_Init                     
00000675  NF                             
00000637  PF                             
00001889  PLL_Init                       
00001be0  PORT_BASE                      
00001ba0  PORT_BIT                       
00000571  RS                             
000005dd  RS_M                           
00001b8b  ResetISR                       
00000393  SET                            
000003db  SET_Mul                        
UNDEFED   SHT$$INIT_ARRAY$$Base          
UNDEFED   SHT$$INIT_ARRAY$$Limit         
0000168b  TA0_CLR                        
0000165b  TA0_GET                        
000014ed  TA0_Init                       
0000169b  TA1_CLR                        
00001669  TA1_GET                        
00001567  TA1_Init                       
000016ab  TA2_CLR                        
0000167d  TA2_GET                        
000015e1  TA2_Init                       
00000439  TGL                            
00001bf8  TIMER_BASE                     
2000024e  UVLamp01                       
00001c10  _ADCSSCTL                      
00001c20  _ADCSSFIFO                     
00001c30  _ADCSSMUX                      
20000200  __STACK_END                    
00000200  __STACK_SIZE                   
20000200  __STACK_TOP                    
00001cdc  __TI_CINIT_Base                
00001ce4  __TI_CINIT_Limit               
00001cd4  __TI_Handler_Table_Base        
00001cdc  __TI_Handler_Table_Limit       
00001981  __TI_auto_init                 
2000026c  __TI_cleanup_ptr               
00001b7d  __TI_decompress_none           
00001b97  __TI_decompress_rle24          
20000270  __TI_dtors_ptr                 
20000274  __TI_enable_exit_profile_output
ffffffff  __TI_pprof_out_hndl            
ffffffff  __TI_prof_data_size            
ffffffff  __TI_prof_data_start           
00000000  __TI_static_base__             
00001905  __aeabi_memclr                 
00001905  __aeabi_memclr4                
00001905  __aeabi_memclr8                
000017ed  __aeabi_memcpy                 
000017ed  __aeabi_memcpy4                
000017ed  __aeabi_memcpy8                
00001907  __aeabi_memset                 
00001907  __aeabi_memset4                
00001907  __aeabi_memset8                
ffffffff  __binit__                      
ffffffff  __c_args__                     
0000197f  __mpu_init                     
20000000  __stack                        
00001b51  _args_main                     
00001a5d  _c_int00                       
20000278  _lock                          
00001b77  _nop                           
00001b6f  _register_lock                 
00001b69  _register_unlock               
00001a5b  _system_post_cinit             
00001b9d  _system_pre_init               
2000027c  _unlock                        
00001ab5  abort                          
ffffffff  binit                          
00001b05  copy_in                        
000006af  day_time                       
00000507  delay                          
00000539  delay10                        
00001abd  exit                           
00000000  g_pfnVectors                   
0000026d  getAIN                         
000016df  main                           
20000280  main_func_sp                   
000017ed  memcpy                         
0000190d  memset                         
0000070f  normalize                      
00000777  time_ADD                       
0000085f  time_EQ                        
00000895  time_GT                        
000008f7  time_LT                        
000007b5  time_SUB                       
00000959  time_start_end                 
000009a3  time_start_end_arr             


GLOBAL SYMBOLS: SORTED BY Symbol Address 

address   name                           
-------   ----                           
00000000  __TI_static_base__             
00000000  g_pfnVectors                   
00000200  __STACK_SIZE                   
0000026d  getAIN                         
000002a5  LOAD                           
000002ed  GET                            
00000367  GETI                           
00000393  SET                            
000003db  SET_Mul                        
00000409  CLR                            
00000439  TGL                            
0000048b  CLR_Mul                        
000004b9  FLSH_Mul                       
00000507  delay                          
00000539  delay10                        
00000571  RS                             
000005dd  RS_M                           
00000637  PF                             
00000675  NF                             
000006af  day_time                       
0000070f  normalize                      
00000777  time_ADD                       
000007b5  time_SUB                       
0000085f  time_EQ                        
00000895  time_GT                        
000008f7  time_LT                        
00000959  time_start_end                 
000009a3  time_start_end_arr             
00000a01  F_Init                         
00000ced  D_Init                         
00000fad  A_Init                         
0000126b  E_Init                         
000014ed  TA0_Init                       
00001567  TA1_Init                       
000015e1  TA2_Init                       
0000165b  TA0_GET                        
00001669  TA1_GET                        
0000167d  TA2_GET                        
0000168b  TA0_CLR                        
0000169b  TA1_CLR                        
000016ab  TA2_CLR                        
000016bb  HW_Init                        
000016df  main                           
000017c3  N5110_Init                     
000017ed  __aeabi_memcpy                 
000017ed  __aeabi_memcpy4                
000017ed  __aeabi_memcpy8                
000017ed  memcpy                         
00001889  PLL_Init                       
00001905  __aeabi_memclr                 
00001905  __aeabi_memclr4                
00001905  __aeabi_memclr8                
00001907  __aeabi_memset                 
00001907  __aeabi_memset4                
00001907  __aeabi_memset8                
0000190d  memset                         
0000197f  __mpu_init                     
00001981  __TI_auto_init                 
00001a5b  _system_post_cinit             
00001a5d  _c_int00                       
00001ab1  C$$EXIT                        
00001ab5  abort                          
00001abd  exit                           
00001b05  copy_in                        
00001b51  _args_main                     
00001b69  _register_unlock               
00001b6f  _register_lock                 
00001b77  _nop                           
00001b7d  __TI_decompress_none           
00001b8b  ResetISR                       
00001b97  __TI_decompress_rle24          
00001b9d  _system_pre_init               
00001ba0  PORT_BIT                       
00001be0  PORT_BASE                      
00001bf8  TIMER_BASE                     
00001c10  _ADCSSCTL                      
00001c20  _ADCSSFIFO                     
00001c30  _ADCSSMUX                      
00001c40  ADC_BASE                       
00001cd4  __TI_Handler_Table_Base        
00001cdc  __TI_CINIT_Base                
00001cdc  __TI_Handler_Table_Limit       
00001ce4  __TI_CINIT_Limit               
20000000  __stack                        
20000200  AIN2CH_table                   
20000200  __STACK_END                    
20000200  __STACK_TOP                    
20000230  LightLamp01                    
2000024e  UVLamp01                       
2000026c  __TI_cleanup_ptr               
20000270  __TI_dtors_ptr                 
20000274  __TI_enable_exit_profile_output
20000278  _lock                          
2000027c  _unlock                        
20000280  main_func_sp                   
ffffffff  __TI_pprof_out_hndl            
ffffffff  __TI_prof_data_size            
ffffffff  __TI_prof_data_start           
ffffffff  __binit__                      
ffffffff  __c_args__                     
ffffffff  binit                          
UNDEFED   SHT$$INIT_ARRAY$$Base          
UNDEFED   SHT$$INIT_ARRAY$$Limit         

[103 symbols]
