******************************************************************************
                  TI ARM Linker PC v15.12.4                    
******************************************************************************
>> Linked Sat Dec 30 19:16:55 2017

OUTPUT FILE NAME:   <terarko.out>
ENTRY POINT SYMBOL: "_c_int00"  address: 00001a69


MEMORY CONFIGURATION

         name            origin    length      used     unused   attr    fill
----------------------  --------  ---------  --------  --------  ----  --------
  FLASH                 00000000   00040000  00001cee  0003e312  R  X
  SRAM                  20000000   00008000  00000284  00007d7c  RW X


SEGMENT ALLOCATION MAP

run origin  load origin   length   init length attrs members
----------  ----------- ---------- ----------- ----- -------
00000000    00000000    00001cf4   00001cf4    r-x
  00000000    00000000    0000026c   0000026c    r-- .intvecs
  0000026c    0000026c    00001940   00001940    r-x .text
  00001bac    00001bac    000000ae   000000ae    r-- .const
  00001c60    00001c60    00000094   00000094    r-- .cinit
20000000    20000000    00000284   00000000    rw-
  20000000    20000000    00000200   00000000    rw- .stack
  20000200    20000200    00000084   00000000    rw- .data


SECTION ALLOCATION MAP

 output                                  attributes/
section   page    origin      length       input sections
--------  ----  ----------  ----------   ----------------
.intvecs   0    00000000    0000026c     
                  00000000    0000026c     lm4f120h5qr_startup_ccs.obj (.intvecs)

.text      0    0000026c    00001940     
                  0000026c    00001608     main.obj (.text)
                  00001874    0000009c     rtsv7M4_T_le_v4SPD16_eabi.lib : memcpy_t2.obj (.text)
                  00001910    0000007a                                   : memset_t2.obj (.text)
                  0000198a    00000002                                   : mpu_init.obj (.text)
                  0000198c    00000070                                   : autoinit.obj (.text)
                  000019fc    0000006a                                   : copy_decompress_rle.obj (.text)
                  00001a66    00000002                                   : startup.obj (.text)
                  00001a68    00000054                                   : boot.obj (.text)
                  00001abc    00000054                                   : exit.obj (.text)
                  00001b10    0000004c                                   : cpy_tbl.obj (.text)
                  00001b5c    00000018                                   : args_main.obj (.text)
                  00001b74    00000014                                   : _lock.obj (.text)
                  00001b88    0000000e                                   : copy_decompress_none.obj (.text:decompress:none)
                  00001b96    0000000c     lm4f120h5qr_startup_ccs.obj (.text)
                  00001ba2    00000006     rtsv7M4_T_le_v4SPD16_eabi.lib : copy_decompress_rle.obj (.text:decompress:rle24)
                  00001ba8    00000004                                   : pre_init.obj (.text)

.const     0    00001bac    000000ae     
                  00001bac    00000040     main.obj (.const:PORT_BIT)
                  00001bec    00000018     main.obj (.const:PORT_BASE)
                  00001c04    00000018     main.obj (.const:TIMER_BASE)
                  00001c1c    00000010     main.obj (.const:_ADCSSCTL)
                  00001c2c    00000010     main.obj (.const:_ADCSSFIFO)
                  00001c3c    00000010     main.obj (.const:_ADCSSMUX)
                  00001c4c    00000008     main.obj (.const:ADC_BASE)
                  00001c54    00000003     main.obj (.const:$P$T0$1)
                  00001c57    00000003     main.obj (.const:$P$T1$2)

.cinit     0    00001c60    00000094     
                  00001c60    00000081     (.cinit..data.load) [load image, compression = rle]
                  00001ce1    00000003     --HOLE-- [fill = 0]
                  00001ce4    00000008     (__TI_handler_table)
                  00001cec    00000008     (__TI_cinit_table)

.init_array 
*          0    00000000    00000000     UNINITIALIZED

.stack     0    20000000    00000200     UNINITIALIZED
                  20000000    00000200     --HOLE--

.data      0    20000200    00000084     UNINITIALIZED
                  20000200    00000030     main.obj (.data:AIN2CH_table)
                  20000230    0000001e     main.obj (.data:LightLamp01)
                  2000024e    0000001e     main.obj (.data:UVLamp01)
                  2000026c    0000000c     rtsv7M4_T_le_v4SPD16_eabi.lib : exit.obj (.data:$O1$$)
                  20000278    00000008                                   : _lock.obj (.data:$O1$$)
                  20000280    00000004                                   : stkdepth_vars.obj (.data)

MODULE SUMMARY

       Module                        code   ro data   rw data
       ------                        ----   -------   -------
    .\
       main.obj                      5640   174       108    
       lm4f120h5qr_startup_ccs.obj   12     620       0      
    +--+-----------------------------+------+---------+---------+
       Total:                        5652   794       108    
                                                             
    C:\ti\ccsv6\tools\compiler\ti-cgt-arm_15.12.4.LTS\lib\rtsv7M4_T_le_v4SPD16_eabi.lib
       memcpy_t2.obj                 156    0         0      
       memset_t2.obj                 122    0         0      
       autoinit.obj                  112    0         0      
       copy_decompress_rle.obj       112    0         0      
       exit.obj                      84     0         12     
       boot.obj                      84     0         0      
       cpy_tbl.obj                   76     0         0      
       _lock.obj                     20     0         8      
       args_main.obj                 24     0         0      
       copy_decompress_none.obj      14     0         0      
       pre_init.obj                  4      0         0      
       stkdepth_vars.obj             0      0         4      
       mpu_init.obj                  2      0         0      
       startup.obj                   2      0         0      
    +--+-----------------------------+------+---------+---------+
       Total:                        812    0         24     
                                                             
       Stack:                        0      0         512    
       Linker Generated:             0      145       0      
    +--+-----------------------------+------+---------+---------+
       Grand Total:                  6464   939       644    


LINKER GENERATED COPY TABLES

__TI_cinit_table @ 00001cec records: 1, size/record: 8, table size: 8
	.data: load addr=00001c60, load size=00000081 bytes, run addr=20000200, run size=00000084 bytes, compression=rle


LINKER GENERATED HANDLER TABLE

__TI_handler_table @ 00001ce4 records: 2, size/record: 4, table size: 8
	index: 0, handler: __TI_decompress_rle24
	index: 1, handler: __TI_decompress_none


GLOBAL SYMBOLS: SORTED ALPHABETICALLY BY Name 

address   name                           
-------   ----                           
00001c4c  ADC_BASE                       
20000200  AIN2CH_table                   
0000102b  A_Init                         
00001abd  C$$EXIT                        
00000409  CLR                            
0000048b  CLR_Mul                        
00000d69  D_Init                         
000012ef  E_Init                         
000004b9  FLSH_Mul                       
00000a79  F_Init                         
000002ed  GET                            
00000367  GETI                           
0000173b  HW_Init                        
000002a5  LOAD                           
20000230  LightLamp01                    
00001849  N5110_Init                     
00000675  NF                             
00000637  PF                             
000009fb  PLL_Init                       
00001bec  PORT_BASE                      
00001bac  PORT_BIT                       
00000571  RS                             
000005dd  RS_M                           
00001b97  ResetISR                       
00000393  SET                            
000003db  SET_Mul                        
UNDEFED   SHT$$INIT_ARRAY$$Base          
UNDEFED   SHT$$INIT_ARRAY$$Limit         
0000170b  TA0_CLR                        
000016db  TA0_GET                        
0000156d  TA0_Init                       
0000171b  TA1_CLR                        
000016e9  TA1_GET                        
000015e7  TA1_Init                       
0000172b  TA2_CLR                        
000016fd  TA2_GET                        
00001661  TA2_Init                       
00000439  TGL                            
00001c04  TIMER_BASE                     
2000024e  UVLamp01                       
00001c1c  _ADCSSCTL                      
00001c2c  _ADCSSFIFO                     
00001c3c  _ADCSSMUX                      
20000200  __STACK_END                    
00000200  __STACK_SIZE                   
20000200  __STACK_TOP                    
00001cec  __TI_CINIT_Base                
00001cf4  __TI_CINIT_Limit               
00001ce4  __TI_Handler_Table_Base        
00001cec  __TI_Handler_Table_Limit       
0000198d  __TI_auto_init                 
2000026c  __TI_cleanup_ptr               
00001b89  __TI_decompress_none           
00001ba3  __TI_decompress_rle24          
20000270  __TI_dtors_ptr                 
20000274  __TI_enable_exit_profile_output
ffffffff  __TI_pprof_out_hndl            
ffffffff  __TI_prof_data_size            
ffffffff  __TI_prof_data_start           
00000000  __TI_static_base__             
00001911  __aeabi_memclr                 
00001911  __aeabi_memclr4                
00001911  __aeabi_memclr8                
00001875  __aeabi_memcpy                 
00001875  __aeabi_memcpy4                
00001875  __aeabi_memcpy8                
00001913  __aeabi_memset                 
00001913  __aeabi_memset4                
00001913  __aeabi_memset8                
ffffffff  __binit__                      
ffffffff  __c_args__                     
0000198b  __mpu_init                     
20000000  __stack                        
00001b5d  _args_main                     
00001a69  _c_int00                       
20000278  _lock                          
00001b83  _nop                           
00001b7b  _register_lock                 
00001b75  _register_unlock               
00001a67  _system_post_cinit             
00001ba9  _system_pre_init               
2000027c  _unlock                        
00001ac1  abort                          
ffffffff  binit                          
00001b11  copy_in                        
000006af  day_time                       
00000507  delay                          
00000539  delay10                        
00001ac9  exit                           
00000000  g_pfnVectors                   
0000026d  getAIN                         
00001765  main                           
20000280  main_func_sp                   
00001875  memcpy                         
00001919  memset                         
0000070f  normalize                      
00000777  time_ADD                       
0000085f  time_EQ                        
00000895  time_GT                        
000008f7  time_LT                        
000007b5  time_SUB                       
00000959  time_start_end                 
000009a3  time_start_end_arr             


GLOBAL SYMBOLS: SORTED BY Symbol Address 

address   name                           
-------   ----                           
00000000  __TI_static_base__             
00000000  g_pfnVectors                   
00000200  __STACK_SIZE                   
0000026d  getAIN                         
000002a5  LOAD                           
000002ed  GET                            
00000367  GETI                           
00000393  SET                            
000003db  SET_Mul                        
00000409  CLR                            
00000439  TGL                            
0000048b  CLR_Mul                        
000004b9  FLSH_Mul                       
00000507  delay                          
00000539  delay10                        
00000571  RS                             
000005dd  RS_M                           
00000637  PF                             
00000675  NF                             
000006af  day_time                       
0000070f  normalize                      
00000777  time_ADD                       
000007b5  time_SUB                       
0000085f  time_EQ                        
00000895  time_GT                        
000008f7  time_LT                        
00000959  time_start_end                 
000009a3  time_start_end_arr             
000009fb  PLL_Init                       
00000a79  F_Init                         
00000d69  D_Init                         
0000102b  A_Init                         
000012ef  E_Init                         
0000156d  TA0_Init                       
000015e7  TA1_Init                       
00001661  TA2_Init                       
000016db  TA0_GET                        
000016e9  TA1_GET                        
000016fd  TA2_GET                        
0000170b  TA0_CLR                        
0000171b  TA1_CLR                        
0000172b  TA2_CLR                        
0000173b  HW_Init                        
00001765  main                           
00001849  N5110_Init                     
00001875  __aeabi_memcpy                 
00001875  __aeabi_memcpy4                
00001875  __aeabi_memcpy8                
00001875  memcpy                         
00001911  __aeabi_memclr                 
00001911  __aeabi_memclr4                
00001911  __aeabi_memclr8                
00001913  __aeabi_memset                 
00001913  __aeabi_memset4                
00001913  __aeabi_memset8                
00001919  memset                         
0000198b  __mpu_init                     
0000198d  __TI_auto_init                 
00001a67  _system_post_cinit             
00001a69  _c_int00                       
00001abd  C$$EXIT                        
00001ac1  abort                          
00001ac9  exit                           
00001b11  copy_in                        
00001b5d  _args_main                     
00001b75  _register_unlock               
00001b7b  _register_lock                 
00001b83  _nop                           
00001b89  __TI_decompress_none           
00001b97  ResetISR                       
00001ba3  __TI_decompress_rle24          
00001ba9  _system_pre_init               
00001bac  PORT_BIT                       
00001bec  PORT_BASE                      
00001c04  TIMER_BASE                     
00001c1c  _ADCSSCTL                      
00001c2c  _ADCSSFIFO                     
00001c3c  _ADCSSMUX                      
00001c4c  ADC_BASE                       
00001ce4  __TI_Handler_Table_Base        
00001cec  __TI_CINIT_Base                
00001cec  __TI_Handler_Table_Limit       
00001cf4  __TI_CINIT_Limit               
20000000  __stack                        
20000200  AIN2CH_table                   
20000200  __STACK_END                    
20000200  __STACK_TOP                    
20000230  LightLamp01                    
2000024e  UVLamp01                       
2000026c  __TI_cleanup_ptr               
20000270  __TI_dtors_ptr                 
20000274  __TI_enable_exit_profile_output
20000278  _lock                          
2000027c  _unlock                        
20000280  main_func_sp                   
ffffffff  __TI_pprof_out_hndl            
ffffffff  __TI_prof_data_size            
ffffffff  __TI_prof_data_start           
ffffffff  __binit__                      
ffffffff  __c_args__                     
ffffffff  binit                          
UNDEFED   SHT$$INIT_ARRAY$$Base          
UNDEFED   SHT$$INIT_ARRAY$$Limit         

[103 symbols]
